Archive member included to satisfy reference by file (symbol)

/Applications/Ac6/SystemWorkbench.app/Contents/Eclipse/plugins/fr.ac6.mcu.externaltools.arm-none.macos64_1.13.1.201703061524/tools/compiler/bin/../lib/gcc/arm-none-eabi/5.4.1/../../../../arm-none-eabi/lib/armv7-m/libc_nano.a(lib_a-exit.o)
                              /Applications/Ac6/SystemWorkbench.app/Contents/Eclipse/plugins/fr.ac6.mcu.externaltools.arm-none.macos64_1.13.1.201703061524/tools/compiler/bin/../lib/gcc/arm-none-eabi/5.4.1/../../../../arm-none-eabi/lib/armv7-m/crt0.o (exit)
/Applications/Ac6/SystemWorkbench.app/Contents/Eclipse/plugins/fr.ac6.mcu.externaltools.arm-none.macos64_1.13.1.201703061524/tools/compiler/bin/../lib/gcc/arm-none-eabi/5.4.1/../../../../arm-none-eabi/lib/armv7-m/libc_nano.a(lib_a-impure.o)
                              /Applications/Ac6/SystemWorkbench.app/Contents/Eclipse/plugins/fr.ac6.mcu.externaltools.arm-none.macos64_1.13.1.201703061524/tools/compiler/bin/../lib/gcc/arm-none-eabi/5.4.1/../../../../arm-none-eabi/lib/armv7-m/libc_nano.a(lib_a-exit.o) (_global_impure_ptr)
/Applications/Ac6/SystemWorkbench.app/Contents/Eclipse/plugins/fr.ac6.mcu.externaltools.arm-none.macos64_1.13.1.201703061524/tools/compiler/bin/../lib/gcc/arm-none-eabi/5.4.1/../../../../arm-none-eabi/lib/armv7-m/libc_nano.a(lib_a-init.o)
                              /Applications/Ac6/SystemWorkbench.app/Contents/Eclipse/plugins/fr.ac6.mcu.externaltools.arm-none.macos64_1.13.1.201703061524/tools/compiler/bin/../lib/gcc/arm-none-eabi/5.4.1/../../../../arm-none-eabi/lib/armv7-m/crt0.o (__libc_init_array)
/Applications/Ac6/SystemWorkbench.app/Contents/Eclipse/plugins/fr.ac6.mcu.externaltools.arm-none.macos64_1.13.1.201703061524/tools/compiler/bin/../lib/gcc/arm-none-eabi/5.4.1/../../../../arm-none-eabi/lib/armv7-m/libc_nano.a(lib_a-memset.o)
                              /Applications/Ac6/SystemWorkbench.app/Contents/Eclipse/plugins/fr.ac6.mcu.externaltools.arm-none.macos64_1.13.1.201703061524/tools/compiler/bin/../lib/gcc/arm-none-eabi/5.4.1/../../../../arm-none-eabi/lib/armv7-m/crt0.o (memset)
/Applications/Ac6/SystemWorkbench.app/Contents/Eclipse/plugins/fr.ac6.mcu.externaltools.arm-none.macos64_1.13.1.201703061524/tools/compiler/bin/../lib/gcc/arm-none-eabi/5.4.1/../../../../arm-none-eabi/lib/armv7-m/libnosys.a(_exit.o)
                              /Applications/Ac6/SystemWorkbench.app/Contents/Eclipse/plugins/fr.ac6.mcu.externaltools.arm-none.macos64_1.13.1.201703061524/tools/compiler/bin/../lib/gcc/arm-none-eabi/5.4.1/../../../../arm-none-eabi/lib/armv7-m/libc_nano.a(lib_a-exit.o) (_exit)

Allocating common symbols
Common symbol       size              file

retSD               0x1               Src/fatfs.o
uwTick              0x4               Drivers/STM32L1xx_HAL_Driver/Src/stm32l1xx_hal.o
pFlash              0x18              Drivers/STM32L1xx_HAL_Driver/Src/stm32l1xx_hal_flash.o
htim3               0x38              Src/main.o
hdma_sd_mmc         0x44              Src/main.o
SDCardInfo          0x58              Src/main.o
SD_Path             0x4               Src/fatfs.o
hrtc                0x20              Src/main.o
hsd                 0x60              Src/main.o
hlcd                0x3c              Src/main.o
htim2               0x38              Src/main.o
huart2              0x40              Src/main.o
hadc                0x54              Src/main.o

Discarded input sections

 .text          0x0000000000000000        0x0 /Applications/Ac6/SystemWorkbench.app/Contents/Eclipse/plugins/fr.ac6.mcu.externaltools.arm-none.macos64_1.13.1.201703061524/tools/compiler/bin/../lib/gcc/arm-none-eabi/5.4.1/armv7-m/crti.o
 .data          0x0000000000000000        0x0 /Applications/Ac6/SystemWorkbench.app/Contents/Eclipse/plugins/fr.ac6.mcu.externaltools.arm-none.macos64_1.13.1.201703061524/tools/compiler/bin/../lib/gcc/arm-none-eabi/5.4.1/armv7-m/crti.o
 .bss           0x0000000000000000        0x0 /Applications/Ac6/SystemWorkbench.app/Contents/Eclipse/plugins/fr.ac6.mcu.externaltools.arm-none.macos64_1.13.1.201703061524/tools/compiler/bin/../lib/gcc/arm-none-eabi/5.4.1/armv7-m/crti.o
 .data          0x0000000000000000        0x4 /Applications/Ac6/SystemWorkbench.app/Contents/Eclipse/plugins/fr.ac6.mcu.externaltools.arm-none.macos64_1.13.1.201703061524/tools/compiler/bin/../lib/gcc/arm-none-eabi/5.4.1/armv7-m/crtbegin.o
 .text          0x0000000000000000       0x74 /Applications/Ac6/SystemWorkbench.app/Contents/Eclipse/plugins/fr.ac6.mcu.externaltools.arm-none.macos64_1.13.1.201703061524/tools/compiler/bin/../lib/gcc/arm-none-eabi/5.4.1/../../../../arm-none-eabi/lib/armv7-m/crt0.o
 .data          0x0000000000000000        0x0 /Applications/Ac6/SystemWorkbench.app/Contents/Eclipse/plugins/fr.ac6.mcu.externaltools.arm-none.macos64_1.13.1.201703061524/tools/compiler/bin/../lib/gcc/arm-none-eabi/5.4.1/../../../../arm-none-eabi/lib/armv7-m/crt0.o
[...]
Memory Configuration

Name             Origin             Length             Attributes
RAM              0x0000000020000000 0x000000000000c000 xrw
FLASH            0x0000000008006000 0x000000000005a000 xr
*default*        0x0000000000000000 0xffffffffffffffff

Linker script and memory map

LOAD /Applications/Ac6/SystemWorkbench.app/Contents/Eclipse/plugins/fr.ac6.mcu.externaltools.arm-none.macos64_1.13.1.201703061524/tools/compiler/bin/../lib/gcc/arm-none-eabi/5.4.1/armv7-m/crti.o
LOAD /Applications/Ac6/SystemWorkbench.app/Contents/Eclipse/plugins/fr.ac6.mcu.externaltools.arm-none.macos64_1.13.1.201703061524/tools/compiler/bin/../lib/gcc/arm-none-eabi/5.4.1/armv7-m/crtbegin.o
LOAD /Applications/Ac6/SystemWorkbench.app/Contents/Eclipse/plugins/fr.ac6.mcu.externaltools.arm-none.macos64_1.13.1.201703061524/tools/compiler/bin/../lib/gcc/arm-none-eabi/5.4.1/../../../../arm-none-eabi/lib/armv7-m/crt0.o
LOAD /Applications/Ac6/SystemWorkbench.app/Contents/Eclipse/plugins/fr.ac6.mcu.externaltools.arm-none.macos64_1.13.1.201703061524/tools/compiler/bin/../lib/gcc/arm-none-eabi/5.4.1/../../../../arm-none-eabi/lib/armv7-m/libm.a
LOAD Drivers/STM32L1xx_HAL_Driver/Src/stm32l1xx_hal.o
LOAD Drivers/STM32L1xx_HAL_Driver/Src/stm32l1xx_hal_adc.o
LOAD Drivers/STM32L1xx_HAL_Driver/Src/stm32l1xx_hal_adc_ex.o
LOAD Drivers/STM32L1xx_HAL_Driver/Src/stm32l1xx_hal_cortex.o
LOAD Drivers/STM32L1xx_HAL_Driver/Src/stm32l1xx_hal_dma.o
LOAD Drivers/STM32L1xx_HAL_Driver/Src/stm32l1xx_hal_flash.o
LOAD Drivers/STM32L1xx_HAL_Driver/Src/stm32l1xx_hal_flash_ex.o
LOAD Drivers/STM32L1xx_HAL_Driver/Src/stm32l1xx_hal_flash_ramfunc.o
LOAD Drivers/STM32L1xx_HAL_Driver/Src/stm32l1xx_hal_gpio.o
LOAD Drivers/STM32L1xx_HAL_Driver/Src/stm32l1xx_hal_lcd.o
LOAD Drivers/STM32L1xx_HAL_Driver/Src/stm32l1xx_hal_pwr.o
LOAD Drivers/STM32L1xx_HAL_Driver/Src/stm32l1xx_hal_pwr_ex.o
LOAD Drivers/STM32L1xx_HAL_Driver/Src/stm32l1xx_hal_rcc.o
LOAD Drivers/STM32L1xx_HAL_Driver/Src/stm32l1xx_hal_rcc_ex.o
LOAD Drivers/STM32L1xx_HAL_Driver/Src/stm32l1xx_hal_rtc.o
LOAD Drivers/STM32L1xx_HAL_Driver/Src/stm32l1xx_hal_rtc_ex.o
LOAD Drivers/STM32L1xx_HAL_Driver/Src/stm32l1xx_hal_sd.o
LOAD Drivers/STM32L1xx_HAL_Driver/Src/stm32l1xx_hal_tim.o
LOAD Drivers/STM32L1xx_HAL_Driver/Src/stm32l1xx_hal_tim_ex.o
LOAD Drivers/STM32L1xx_HAL_Driver/Src/stm32l1xx_hal_uart.o
LOAD Drivers/STM32L1xx_HAL_Driver/Src/stm32l1xx_ll_sdmmc.o
LOAD Middlewares/Third_Party/FatFs/src/diskio.o
LOAD Middlewares/Third_Party/FatFs/src/ff.o
LOAD Middlewares/Third_Party/FatFs/src/ff_gen_drv.o
LOAD Middlewares/Third_Party/FatFs/src/drivers/sd_diskio.o
LOAD Middlewares/Third_Party/FatFs/src/option/syscall.o
LOAD Src/bsp_driver_sd.o
LOAD Src/fatfs.o
LOAD Src/main.o
LOAD Src/stm32l1xx_hal_msp.o
LOAD Src/stm32l1xx_it.o
LOAD Src/system_stm32l1xx.o
LOAD startup/startup_stm32l152xd.o
START GROUP
LOAD /Applications/Ac6/SystemWorkbench.app/Contents/Eclipse/plugins/fr.ac6.mcu.externaltools.arm-none.macos64_1.13.1.201703061524/tools/compiler/bin/../lib/gcc/arm-none-eabi/5.4.1/armv7-m/libgcc.a
LOAD /Applications/Ac6/SystemWorkbench.app/Contents/Eclipse/plugins/fr.ac6.mcu.externaltools.arm-none.macos64_1.13.1.201703061524/tools/compiler/bin/../lib/gcc/arm-none-eabi/5.4.1/../../../../arm-none-eabi/lib/armv7-m/libc_nano.a
END GROUP
START GROUP
LOAD /Applications/Ac6/SystemWorkbench.app/Contents/Eclipse/plugins/fr.ac6.mcu.externaltools.arm-none.macos64_1.13.1.201703061524/tools/compiler/bin/../lib/gcc/arm-none-eabi/5.4.1/armv7-m/libgcc.a
LOAD /Applications/Ac6/SystemWorkbench.app/Contents/Eclipse/plugins/fr.ac6.mcu.externaltools.arm-none.macos64_1.13.1.201703061524/tools/compiler/bin/../lib/gcc/arm-none-eabi/5.4.1/../../../../arm-none-eabi/lib/armv7-m/libc_nano.a
LOAD /Applications/Ac6/SystemWorkbench.app/Contents/Eclipse/plugins/fr.ac6.mcu.externaltools.arm-none.macos64_1.13.1.201703061524/tools/compiler/bin/../lib/gcc/arm-none-eabi/5.4.1/../../../../arm-none-eabi/lib/armv7-m/libnosys.a
END GROUP
START GROUP
LOAD /Applications/Ac6/SystemWorkbench.app/Contents/Eclipse/plugins/fr.ac6.mcu.externaltools.arm-none.macos64_1.13.1.201703061524/tools/compiler/bin/../lib/gcc/arm-none-eabi/5.4.1/armv7-m/libgcc.a
LOAD /Applications/Ac6/SystemWorkbench.app/Contents/Eclipse/plugins/fr.ac6.mcu.externaltools.arm-none.macos64_1.13.1.201703061524/tools/compiler/bin/../lib/gcc/arm-none-eabi/5.4.1/../../../../arm-none-eabi/lib/armv7-m/libc_nano.a
LOAD /Applications/Ac6/SystemWorkbench.app/Contents/Eclipse/plugins/fr.ac6.mcu.externaltools.arm-none.macos64_1.13.1.201703061524/tools/compiler/bin/../lib/gcc/arm-none-eabi/5.4.1/../../../../arm-none-eabi/lib/armv7-m/libnosys.a
END GROUP
LOAD /Applications/Ac6/SystemWorkbench.app/Contents/Eclipse/plugins/fr.ac6.mcu.externaltools.arm-none.macos64_1.13.1.201703061524/tools/compiler/bin/../lib/gcc/arm-none-eabi/5.4.1/armv7-m/crtend.o
LOAD /Applications/Ac6/SystemWorkbench.app/Contents/Eclipse/plugins/fr.ac6.mcu.externaltools.arm-none.macos64_1.13.1.201703061524/tools/compiler/bin/../lib/gcc/arm-none-eabi/5.4.1/armv7-m/crtn.o
                0x000000002000c000                _estack = 0x2000c000
                0x0000000000000200                _Min_Heap_Size = 0x200
                0x0000000000000400                _Min_Stack_Size = 0x400

.isr_vector     0x0000000008006000      0x13c
                0x0000000008006000                . = ALIGN (0x4)
 *(.isr_vector)
 .isr_vector    0x0000000008006000      0x13c startup/startup_stm32l152xd.o
                0x0000000008006000                g_pfnVectors
                0x000000000800613c                . = ALIGN (0x4)

.text           0x000000000800613c     0x3998
                0x000000000800613c                . = ALIGN (0x4)
 *(.text)
 .text          0x000000000800613c       0x5c /Applications/Ac6/SystemWorkbench.app/Contents/Eclipse/plugins/fr.ac6.mcu.externaltools.arm-none.macos64_1.13.1.201703061524/tools/compiler/bin/../lib/gcc/arm-none-eabi/5.4.1/armv7-m/crtbegin.o
 *(.text*)
 .text.HAL_MspDeInit
                0x0000000008006198        0x4 Drivers/STM32L1xx_HAL_Driver/Src/stm32l1xx_hal.o
                0x0000000008006198                HAL_MspDeInit
 .text.HAL_DeInit
                0x000000000800619c       0x24 Drivers/STM32L1xx_HAL_Driver/Src/stm32l1xx_hal.o
                0x000000000800619c                HAL_DeInit
 .text.HAL_InitTick
                0x00000000080061c0       0x2c Drivers/STM32L1xx_HAL_Driver/Src/stm32l1xx_hal.o
                0x00000000080061c0                HAL_InitTick
 .text.HAL_Init
                0x00000000080061ec       0x18 Drivers/STM32L1xx_HAL_Driver/Src/stm32l1xx_hal.o
                0x00000000080061ec                HAL_Init
 .text.HAL_IncTick
                0x0000000008006204       0x10 Drivers/STM32L1xx_HAL_Driver/Src/stm32l1xx_hal.o
                0x0000000008006204                HAL_IncTick
 .text.HAL_GetTick
                0x0000000008006214        0xc Drivers/STM32L1xx_HAL_Driver/Src/stm32l1xx_hal.o
                0x0000000008006214                HAL_GetTick
 .text.HAL_Delay
                0x0000000008006220       0x1c Drivers/STM32L1xx_HAL_Driver/Src/stm32l1xx_hal.o
                0x0000000008006220                HAL_Delay
 .text.HAL_ADC_Init
                0x000000000800623c      0x190 Drivers/STM32L1xx_HAL_Driver/Src/stm32l1xx_hal_adc.o
                0x000000000800623c                HAL_ADC_Init
 .text.HAL_ADC_ConfigChannel
                0x00000000080063cc      0x1a8 Drivers/STM32L1xx_HAL_Driver/Src/stm32l1xx_hal_adc.o
                0x00000000080063cc                HAL_ADC_ConfigChannel
 .text.HAL_NVIC_SetPriorityGrouping
                0x0000000008006574       0x24 Drivers/STM32L1xx_HAL_Driver/Src/stm32l1xx_hal_cortex.o
                0x0000000008006574                HAL_NVIC_SetPriorityGrouping
 .text.HAL_NVIC_SetPriority
                0x0000000008006598       0x64 Drivers/STM32L1xx_HAL_Driver/Src/stm32l1xx_hal_cortex.o
                0x0000000008006598                HAL_NVIC_SetPriority
 .text.HAL_NVIC_EnableIRQ
                0x00000000080065fc       0x18 Drivers/STM32L1xx_HAL_Driver/Src/stm32l1xx_hal_cortex.o
                0x00000000080065fc                HAL_NVIC_EnableIRQ
 .text.HAL_NVIC_DisableIRQ
                0x0000000008006614       0x1c Drivers/STM32L1xx_HAL_Driver/Src/stm32l1xx_hal_cortex.o
                0x0000000008006614                HAL_NVIC_DisableIRQ
 .text.HAL_SYSTICK_Config
                0x0000000008006630       0x2c Drivers/STM32L1xx_HAL_Driver/Src/stm32l1xx_hal_cortex.o
                0x0000000008006630                HAL_SYSTICK_Config
 .text.HAL_SYSTICK_CLKSourceConfig
                0x000000000800665c       0x20 Drivers/STM32L1xx_HAL_Driver/Src/stm32l1xx_hal_cortex.o
                0x000000000800665c                HAL_SYSTICK_CLKSourceConfig
 .text.HAL_SYSTICK_Callback
                0x000000000800667c        0x4 Drivers/STM32L1xx_HAL_Driver/Src/stm32l1xx_hal_cortex.o
                0x000000000800667c                HAL_SYSTICK_Callback
 .text.HAL_SYSTICK_IRQHandler
                0x0000000008006680        0x8 Drivers/STM32L1xx_HAL_Driver/Src/stm32l1xx_hal_cortex.o
                0x0000000008006680                HAL_SYSTICK_IRQHandler
 .text.HAL_DMA_Init
                0x0000000008006688       0xa4 Drivers/STM32L1xx_HAL_Driver/Src/stm32l1xx_hal_dma.o
                0x0000000008006688                HAL_DMA_Init
 .text.HAL_DMA_IRQHandler
                0x000000000800672c       0xb4 Drivers/STM32L1xx_HAL_Driver/Src/stm32l1xx_hal_dma.o
                0x000000000800672c                HAL_DMA_IRQHandler
 .text.HAL_GPIO_Init
                0x00000000080067e0      0x1ac Drivers/STM32L1xx_HAL_Driver/Src/stm32l1xx_hal_gpio.o
                0x00000000080067e0                HAL_GPIO_Init
 .text.HAL_GPIO_WritePin
                0x000000000800698c        0xc Drivers/STM32L1xx_HAL_Driver/Src/stm32l1xx_hal_gpio.o
                0x000000000800698c                HAL_GPIO_WritePin
 .text.HAL_LCD_Write
                0x0000000008006998       0x90 Drivers/STM32L1xx_HAL_Driver/Src/stm32l1xx_hal_lcd.o
                0x0000000008006998                HAL_LCD_Write
 .text.HAL_LCD_UpdateDisplayRequest
                0x0000000008006a28       0x50 Drivers/STM32L1xx_HAL_Driver/Src/stm32l1xx_hal_lcd.o
                0x0000000008006a28                HAL_LCD_UpdateDisplayRequest
 .text.LCD_WaitForSynchro
                0x0000000008006a78       0x30 Drivers/STM32L1xx_HAL_Driver/Src/stm32l1xx_hal_lcd.o
                0x0000000008006a78                LCD_WaitForSynchro
 .text.HAL_LCD_Init
                0x0000000008006aa8      0x104 Drivers/STM32L1xx_HAL_Driver/Src/stm32l1xx_hal_lcd.o
                0x0000000008006aa8                HAL_LCD_Init
 .text.HAL_PWREx_GetVoltageRange
                0x0000000008006bac       0x10 Drivers/STM32L1xx_HAL_Driver/Src/stm32l1xx_hal_pwr_ex.o
                0x0000000008006bac                HAL_PWREx_GetVoltageRange
 .text.RCC_SetFlashLatencyFromMSIRange
                0x0000000008006bbc       0x90 Drivers/STM32L1xx_HAL_Driver/Src/stm32l1xx_hal_rcc.o
 .text.HAL_RCC_OscConfig
                0x0000000008006c4c      0x79c Drivers/STM32L1xx_HAL_Driver/Src/stm32l1xx_hal_rcc.o
                0x0000000008006c4c                HAL_RCC_OscConfig
 .text.HAL_RCC_GetSysClockFreq
                0x00000000080073e8       0xa0 Drivers/STM32L1xx_HAL_Driver/Src/stm32l1xx_hal_rcc.o
                0x00000000080073e8                HAL_RCC_GetSysClockFreq
 .text.HAL_RCC_ClockConfig
                0x0000000008007488      0x25c Drivers/STM32L1xx_HAL_Driver/Src/stm32l1xx_hal_rcc.o
                0x0000000008007488                HAL_RCC_ClockConfig
 .text.HAL_RCC_GetHCLKFreq
                0x00000000080076e4        0xc Drivers/STM32L1xx_HAL_Driver/Src/stm32l1xx_hal_rcc.o
                0x00000000080076e4                HAL_RCC_GetHCLKFreq
 .text.HAL_RCC_GetPCLK1Freq
                0x00000000080076f0       0x30 Drivers/STM32L1xx_HAL_Driver/Src/stm32l1xx_hal_rcc.o
                0x00000000080076f0                HAL_RCC_GetPCLK1Freq
 .text.HAL_RCC_GetPCLK2Freq
                0x0000000008007720       0x30 Drivers/STM32L1xx_HAL_Driver/Src/stm32l1xx_hal_rcc.o
                0x0000000008007720                HAL_RCC_GetPCLK2Freq
 .text.HAL_RCCEx_PeriphCLKConfig
                0x0000000008007750      0x188 Drivers/STM32L1xx_HAL_Driver/Src/stm32l1xx_hal_rcc_ex.o
                0x0000000008007750                HAL_RCCEx_PeriphCLKConfig
 .text.RTC_EnterInitMode
                0x00000000080078d8       0x40 Drivers/STM32L1xx_HAL_Driver/Src/stm32l1xx_hal_rtc.o
                0x00000000080078d8                RTC_EnterInitMode
 .text.HAL_RTC_Init
                0x0000000008007918       0xa8 Drivers/STM32L1xx_HAL_Driver/Src/stm32l1xx_hal_rtc.o
                0x0000000008007918                HAL_RTC_Init
 .text.SD_CmdError
                0x00000000080079c0       0x2c Drivers/STM32L1xx_HAL_Driver/Src/stm32l1xx_hal_sd.o
 .text.SD_CmdResp7Error
                0x00000000080079ec       0x50 Drivers/STM32L1xx_HAL_Driver/Src/stm32l1xx_hal_sd.o
 .text.SD_CmdResp3Error
                0x0000000008007a3c       0x24 Drivers/STM32L1xx_HAL_Driver/Src/stm32l1xx_hal_sd.o
 .text.SD_CmdResp2Error
                0x0000000008007a60       0x34 Drivers/STM32L1xx_HAL_Driver/Src/stm32l1xx_hal_sd.o
 .text.SD_CmdResp1Error
                0x0000000008007a94      0x118 Drivers/STM32L1xx_HAL_Driver/Src/stm32l1xx_hal_sd.o
 .text.SD_PowerON
                0x0000000008007bac      0x178 Drivers/STM32L1xx_HAL_Driver/Src/stm32l1xx_hal_sd.o
 .text.SD_Select_Deselect
                0x0000000008007d24       0x30 Drivers/STM32L1xx_HAL_Driver/Src/stm32l1xx_hal_sd.o
 .text.SD_SendStatus
                0x0000000008007d54       0x48 Drivers/STM32L1xx_HAL_Driver/Src/stm32l1xx_hal_sd.o
 .text.SD_GetState
                0x0000000008007d9c       0x24 Drivers/STM32L1xx_HAL_Driver/Src/stm32l1xx_hal_sd.o
 .text.SD_CmdResp6Error
                0x0000000008007dc0       0x7c Drivers/STM32L1xx_HAL_Driver/Src/stm32l1xx_hal_sd.o
 .text.SD_IsCardProgramming
                0x0000000008007e3c      0x174 Drivers/STM32L1xx_HAL_Driver/Src/stm32l1xx_hal_sd.o
 .text.SD_Initialize_Cards
                0x0000000008007fb0       0xf0 Drivers/STM32L1xx_HAL_Driver/Src/stm32l1xx_hal_sd.o
 .text.HAL_SD_Get_CardInfo
                0x00000000080080a0      0x2b4 Drivers/STM32L1xx_HAL_Driver/Src/stm32l1xx_hal_sd.o
                0x00000000080080a0                HAL_SD_Get_CardInfo
 .text.HAL_SD_Init
                0x0000000008008354       0xb8 Drivers/STM32L1xx_HAL_Driver/Src/stm32l1xx_hal_sd.o
                0x0000000008008354                HAL_SD_Init
 .text.HAL_SD_StopTransfer
                0x000000000800840c       0x30 Drivers/STM32L1xx_HAL_Driver/Src/stm32l1xx_hal_sd.o
                0x000000000800840c                HAL_SD_StopTransfer
 .text.HAL_SD_ReadBlocks
                0x000000000800843c      0x1b0 Drivers/STM32L1xx_HAL_Driver/Src/stm32l1xx_hal_sd.o
                0x000000000800843c                HAL_SD_ReadBlocks
 .text.HAL_SD_WriteBlocks
                0x00000000080085ec      0x234 Drivers/STM32L1xx_HAL_Driver/Src/stm32l1xx_hal_sd.o
                0x00000000080085ec                HAL_SD_WriteBlocks
 .text.HAL_SD_GetStatus
                0x0000000008008820       0x1c Drivers/STM32L1xx_HAL_Driver/Src/stm32l1xx_hal_sd.o
                0x0000000008008820                HAL_SD_GetStatus
 .text.TIM_Base_SetConfig
                0x000000000800883c       0x80 Drivers/STM32L1xx_HAL_Driver/Src/stm32l1xx_hal_tim.o
 .text.TIM_TI1_ConfigInputStage
                0x00000000080088bc       0x24 Drivers/STM32L1xx_HAL_Driver/Src/stm32l1xx_hal_tim.o
 .text.TIM_TI2_ConfigInputStage
                0x00000000080088e0       0x28 Drivers/STM32L1xx_HAL_Driver/Src/stm32l1xx_hal_tim.o
 .text.TIM_ITRx_SetConfig
                0x0000000008008908       0x10 Drivers/STM32L1xx_HAL_Driver/Src/stm32l1xx_hal_tim.o
 .text.TIM_ETR_SetConfig
                0x0000000008008918       0x18 Drivers/STM32L1xx_HAL_Driver/Src/stm32l1xx_hal_tim.o
 .text.HAL_TIM_Base_Init
                0x0000000008008930       0x38 Drivers/STM32L1xx_HAL_Driver/Src/stm32l1xx_hal_tim.o
                0x0000000008008930                HAL_TIM_Base_Init
 .text.HAL_TIM_ConfigClockSource
                0x0000000008008968      0x114 Drivers/STM32L1xx_HAL_Driver/Src/stm32l1xx_hal_tim.o
                0x0000000008008968                HAL_TIM_ConfigClockSource
 .text.HAL_TIMEx_MasterConfigSynchronization
                0x0000000008008a7c       0x54 Drivers/STM32L1xx_HAL_Driver/Src/stm32l1xx_hal_tim_ex.o
                0x0000000008008a7c                HAL_TIMEx_MasterConfigSynchronization
 .text.UART_SetConfig
                0x0000000008008ad0      0x314 Drivers/STM32L1xx_HAL_Driver/Src/stm32l1xx_hal_uart.o
 .text.HAL_UART_Init
                0x0000000008008de4       0x60 Drivers/STM32L1xx_HAL_Driver/Src/stm32l1xx_hal_uart.o
                0x0000000008008de4                HAL_UART_Init
 .text.SDIO_Init
                0x0000000008008e44       0x34 Drivers/STM32L1xx_HAL_Driver/Src/stm32l1xx_ll_sdmmc.o
                0x0000000008008e44                SDIO_Init
 .text.SDIO_ReadFIFO
                0x0000000008008e78        0x8 Drivers/STM32L1xx_HAL_Driver/Src/stm32l1xx_ll_sdmmc.o
                0x0000000008008e78                SDIO_ReadFIFO
 .text.SDIO_WriteFIFO
                0x0000000008008e80        0xc Drivers/STM32L1xx_HAL_Driver/Src/stm32l1xx_ll_sdmmc.o
                0x0000000008008e80                SDIO_WriteFIFO
 .text.SDIO_PowerState_ON
                0x0000000008008e8c        0x8 Drivers/STM32L1xx_HAL_Driver/Src/stm32l1xx_ll_sdmmc.o
                0x0000000008008e8c                SDIO_PowerState_ON
 .text.SDIO_GetPowerState
                0x0000000008008e94        0x8 Drivers/STM32L1xx_HAL_Driver/Src/stm32l1xx_ll_sdmmc.o
                0x0000000008008e94                SDIO_GetPowerState
 .text.SDIO_SendCommand
                0x0000000008008e9c       0x28 Drivers/STM32L1xx_HAL_Driver/Src/stm32l1xx_ll_sdmmc.o
                0x0000000008008e9c                SDIO_SendCommand
 .text.SDIO_GetCommandResponse
                0x0000000008008ec4        0x8 Drivers/STM32L1xx_HAL_Driver/Src/stm32l1xx_ll_sdmmc.o
                0x0000000008008ec4                SDIO_GetCommandResponse
 .text.SDIO_GetResponse
                0x0000000008008ecc       0x18 Drivers/STM32L1xx_HAL_Driver/Src/stm32l1xx_ll_sdmmc.o
                0x0000000008008ecc                SDIO_GetResponse
 .text.SDIO_DataConfig
                0x0000000008008ee4       0x24 Drivers/STM32L1xx_HAL_Driver/Src/stm32l1xx_ll_sdmmc.o
                0x0000000008008ee4                SDIO_DataConfig
 .text.FATFS_LinkDriverEx
                0x0000000008008f08       0x4c Middlewares/Third_Party/FatFs/src/ff_gen_drv.o
                0x0000000008008f08                FATFS_LinkDriverEx
 .text.FATFS_LinkDriver
                0x0000000008008f54        0xc Middlewares/Third_Party/FatFs/src/ff_gen_drv.o
                0x0000000008008f54                FATFS_LinkDriver
 .text.SD_initialize
                0x0000000008008f60       0x24 Middlewares/Third_Party/FatFs/src/drivers/sd_diskio.o
                0x0000000008008f60                SD_initialize
 .text.SD_status
                0x0000000008008f84       0x24 Middlewares/Third_Party/FatFs/src/drivers/sd_diskio.o
                0x0000000008008f84                SD_status
 .text.SD_read  0x0000000008008fa8       0x20 Middlewares/Third_Party/FatFs/src/drivers/sd_diskio.o
                0x0000000008008fa8                SD_read
 .text.SD_write
                0x0000000008008fc8       0x20 Middlewares/Third_Party/FatFs/src/drivers/sd_diskio.o
                0x0000000008008fc8                SD_write
 .text.SD_ioctl
                0x0000000008008fe8       0x5c Middlewares/Third_Party/FatFs/src/drivers/sd_diskio.o
                0x0000000008008fe8                SD_ioctl
 .text.BSP_SD_ReadBlocks
                0x0000000008009044       0x28 Src/bsp_driver_sd.o
                0x0000000008009044                BSP_SD_ReadBlocks
 .text.BSP_SD_WriteBlocks
                0x000000000800906c       0x28 Src/bsp_driver_sd.o
                0x000000000800906c                BSP_SD_WriteBlocks
 .text.BSP_SD_GetStatus
                0x0000000008009094       0x10 Src/bsp_driver_sd.o
                0x0000000008009094                BSP_SD_GetStatus
 .text.BSP_SD_GetCardInfo
                0x00000000080090a4       0x10 Src/bsp_driver_sd.o
                0x00000000080090a4                BSP_SD_GetCardInfo
 .text.BSP_SD_IsDetected
                0x00000000080090b4       0x10 Src/bsp_driver_sd.o
                0x00000000080090b4                BSP_SD_IsDetected
 .text.BSP_SD_Init
                0x00000000080090c4       0x20 Src/bsp_driver_sd.o
                0x00000000080090c4                BSP_SD_Init
 .text.MX_FATFS_Init
                0x00000000080090e4       0x1c Src/fatfs.o
                0x00000000080090e4                MX_FATFS_Init
 .text.MX_SDIO_SD_Init
                0x0000000008009100       0x20 Src/main.o
 .text.MX_GPIO_Init
                0x0000000008009120      0x220 Src/main.o
 .text.MX_DMA_Init
                0x0000000008009340       0x34 Src/main.o
 .text.Error_Handler
                0x0000000008009374        0x4 Src/main.o
                0x0000000008009374                Error_Handler
 .text.MX_LCD_Init
                0x0000000008009378       0x44 Src/main.o
 .text.MX_USART2_UART_Init
                0x00000000080093bc       0x34 Src/main.o
 .text.MX_ADC_Init
                0x00000000080093f0       0x60 Src/main.o
 .text.MX_TIM2_Init
                0x0000000008009450       0x54 Src/main.o
 .text.MX_TIM3_Init
                0x00000000080094a4       0x58 Src/main.o
 .text.MX_RTC_Init
                0x00000000080094fc       0x30 Src/main.o
 .text.SystemClock_Config
                0x000000000800952c       0xb4 Src/main.o
                0x000000000800952c                SystemClock_Config
 .text.main     0x00000000080095e0       0xa0 Src/main.o
                0x00000000080095e0                main
 .text.HAL_MspInit
                0x0000000008009680       0xa0 Src/stm32l1xx_hal_msp.o
                0x0000000008009680                HAL_MspInit
 .text.HAL_ADC_MspInit
                0x0000000008009720       0x5c Src/stm32l1xx_hal_msp.o
                0x0000000008009720                HAL_ADC_MspInit
 .text.HAL_LCD_MspInit
                0x000000000800977c       0xb4 Src/stm32l1xx_hal_msp.o
                0x000000000800977c                HAL_LCD_MspInit
 .text.HAL_RTC_MspInit
                0x0000000008009830       0x28 Src/stm32l1xx_hal_msp.o
                0x0000000008009830                HAL_RTC_MspInit
 .text.HAL_SD_MspInit
                0x0000000008009858       0xac Src/stm32l1xx_hal_msp.o
                0x0000000008009858                HAL_SD_MspInit
 .text.HAL_TIM_Base_MspInit
                0x0000000008009904       0x48 Src/stm32l1xx_hal_msp.o
                0x0000000008009904                HAL_TIM_Base_MspInit
 .text.HAL_UART_MspInit
                0x000000000800994c       0x50 Src/stm32l1xx_hal_msp.o
                0x000000000800994c                HAL_UART_MspInit
 .text.NMI_Handler
                0x000000000800999c        0x4 Src/stm32l1xx_it.o
                0x000000000800999c                NMI_Handler
 .text.HardFault_Handler
                0x00000000080099a0        0x4 Src/stm32l1xx_it.o
                0x00000000080099a0                HardFault_Handler
 .text.MemManage_Handler
                0x00000000080099a4        0x4 Src/stm32l1xx_it.o
                0x00000000080099a4                MemManage_Handler
 .text.BusFault_Handler
                0x00000000080099a8        0x4 Src/stm32l1xx_it.o
                0x00000000080099a8                BusFault_Handler
 .text.UsageFault_Handler
                0x00000000080099ac        0x4 Src/stm32l1xx_it.o
                0x00000000080099ac                UsageFault_Handler
 .text.SVC_Handler
                0x00000000080099b0        0x4 Src/stm32l1xx_it.o
                0x00000000080099b0                SVC_Handler
 .text.DebugMon_Handler
                0x00000000080099b4        0x4 Src/stm32l1xx_it.o
                0x00000000080099b4                DebugMon_Handler
 .text.PendSV_Handler
                0x00000000080099b8        0x4 Src/stm32l1xx_it.o
                0x00000000080099b8                PendSV_Handler
 .text.SysTick_Handler
                0x00000000080099bc        0xc Src/stm32l1xx_it.o
                0x00000000080099bc                SysTick_Handler
 .text.DMA2_Channel4_IRQHandler
                0x00000000080099c8       0x10 Src/stm32l1xx_it.o
                0x00000000080099c8                DMA2_Channel4_IRQHandler
 .text.SystemInit
                0x00000000080099d8       0x4c Src/system_stm32l1xx.o
                0x00000000080099d8                SystemInit
 .text.Reset_Handler
                0x0000000008009a24       0x48 startup/startup_stm32l152xd.o
                0x0000000008009a24                Reset_Handler
 .text.Default_Handler
                0x0000000008009a6c        0x2 startup/startup_stm32l152xd.o
                0x0000000008009a6c                DMA2_Channel3_IRQHandler
                0x0000000008009a6c                EXTI2_IRQHandler
                0x0000000008009a6c                COMP_ACQ_IRQHandler
                0x0000000008009a6c                TIM10_IRQHandler
                0x0000000008009a6c                USB_HP_IRQHandler
                0x0000000008009a6c                TIM6_IRQHandler
                0x0000000008009a6c                PVD_IRQHandler
                0x0000000008009a6c                SDIO_IRQHandler
                0x0000000008009a6c                EXTI3_IRQHandler
                0x0000000008009a6c                EXTI0_IRQHandler
                0x0000000008009a6c                I2C2_EV_IRQHandler
                0x0000000008009a6c                SPI1_IRQHandler
                0x0000000008009a6c                USB_FS_WKUP_IRQHandler
                0x0000000008009a6c                DMA2_Channel2_IRQHandler
                0x0000000008009a6c                DMA1_Channel4_IRQHandler
                0x0000000008009a6c                ADC1_IRQHandler
                0x0000000008009a6c                USART3_IRQHandler
                0x0000000008009a6c                DMA1_Channel7_IRQHandler
                0x0000000008009a6c                LCD_IRQHandler
                0x0000000008009a6c                UART5_IRQHandler
                0x0000000008009a6c                TIM4_IRQHandler
                0x0000000008009a6c                DMA2_Channel1_IRQHandler
                0x0000000008009a6c                I2C1_EV_IRQHandler
                0x0000000008009a6c                DMA1_Channel6_IRQHandler
                0x0000000008009a6c                UART4_IRQHandler
                0x0000000008009a6c                TIM3_IRQHandler
                0x0000000008009a6c                RCC_IRQHandler
                0x0000000008009a6c                DMA1_Channel1_IRQHandler
                0x0000000008009a6c                Default_Handler
                0x0000000008009a6c                EXTI15_10_IRQHandler
                0x0000000008009a6c                TIM7_IRQHandler
                0x0000000008009a6c                TIM5_IRQHandler
                0x0000000008009a6c                EXTI9_5_IRQHandler
                0x0000000008009a6c                TIM9_IRQHandler
                0x0000000008009a6c                TAMPER_STAMP_IRQHandler
                0x0000000008009a6c                RTC_WKUP_IRQHandler
                0x0000000008009a6c                SPI2_IRQHandler
                0x0000000008009a6c                DMA2_Channel5_IRQHandler
                0x0000000008009a6c                DMA1_Channel5_IRQHandler
                0x0000000008009a6c                USB_LP_IRQHandler
                0x0000000008009a6c                EXTI4_IRQHandler
                0x0000000008009a6c                DMA1_Channel3_IRQHandler
                0x0000000008009a6c                COMP_IRQHandler
                0x0000000008009a6c                WWDG_IRQHandler
                0x0000000008009a6c                TIM2_IRQHandler
                0x0000000008009a6c                DAC_IRQHandler
                0x0000000008009a6c                EXTI1_IRQHandler
                0x0000000008009a6c                TIM11_IRQHandler
                0x0000000008009a6c                USART2_IRQHandler
                0x0000000008009a6c                I2C2_ER_IRQHandler
                0x0000000008009a6c                DMA1_Channel2_IRQHandler
                0x0000000008009a6c                FLASH_IRQHandler
                0x0000000008009a6c                USART1_IRQHandler
                0x0000000008009a6c                SPI3_IRQHandler
                0x0000000008009a6c                I2C1_ER_IRQHandler
                0x0000000008009a6c                RTC_Alarm_IRQHandler
 *fill*         0x0000000008009a6e        0x2 
 .text.__libc_init_array
                0x0000000008009a70       0x4c /Applications/Ac6/SystemWorkbench.app/Contents/Eclipse/plugins/fr.ac6.mcu.externaltools.arm-none.macos64_1.13.1.201703061524/tools/compiler/bin/../lib/gcc/arm-none-eabi/5.4.1/../../../../arm-none-eabi/lib/armv7-m/libc_nano.a(lib_a-init.o)
                0x0000000008009a70                __libc_init_array
 *(.glue_7)
 .glue_7        0x0000000008009abc        0x0 linker stubs
 *(.glue_7t)
 .glue_7t       0x0000000008009abc        0x0 linker stubs
 *(.eh_frame)
 .eh_frame      0x0000000008009abc        0x0 /Applications/Ac6/SystemWorkbench.app/Contents/Eclipse/plugins/fr.ac6.mcu.externaltools.arm-none.macos64_1.13.1.201703061524/tools/compiler/bin/../lib/gcc/arm-none-eabi/5.4.1/armv7-m/crtbegin.o
 *(.init)
 .init          0x0000000008009abc        0x4 /Applications/Ac6/SystemWorkbench.app/Contents/Eclipse/plugins/fr.ac6.mcu.externaltools.arm-none.macos64_1.13.1.201703061524/tools/compiler/bin/../lib/gcc/arm-none-eabi/5.4.1/armv7-m/crti.o
                0x0000000008009abc                _init
 .init          0x0000000008009ac0        0x8 /Applications/Ac6/SystemWorkbench.app/Contents/Eclipse/plugins/fr.ac6.mcu.externaltools.arm-none.macos64_1.13.1.201703061524/tools/compiler/bin/../lib/gcc/arm-none-eabi/5.4.1/armv7-m/crtn.o
 *(.fini)
 .fini          0x0000000008009ac8        0x4 /Applications/Ac6/SystemWorkbench.app/Contents/Eclipse/plugins/fr.ac6.mcu.externaltools.arm-none.macos64_1.13.1.201703061524/tools/compiler/bin/../lib/gcc/arm-none-eabi/5.4.1/armv7-m/crti.o
                0x0000000008009ac8                _fini
 .fini          0x0000000008009acc        0x8 /Applications/Ac6/SystemWorkbench.app/Contents/Eclipse/plugins/fr.ac6.mcu.externaltools.arm-none.macos64_1.13.1.201703061524/tools/compiler/bin/../lib/gcc/arm-none-eabi/5.4.1/armv7-m/crtn.o
                0x0000000008009ad4                . = ALIGN (0x4)
                0x0000000008009ad4                _etext = .

.vfp11_veneer   0x0000000008009ad4        0x0
 .vfp11_veneer  0x0000000008009ad4        0x0 linker stubs

.v4_bx          0x0000000008009ad4        0x0
 .v4_bx         0x0000000008009ad4        0x0 linker stubs

.iplt           0x0000000008009ad4        0x0
 .iplt          0x0000000008009ad4        0x0 /Applications/Ac6/SystemWorkbench.app/Contents/Eclipse/plugins/fr.ac6.mcu.externaltools.arm-none.macos64_1.13.1.201703061524/tools/compiler/bin/../lib/gcc/arm-none-eabi/5.4.1/armv7-m/crtbegin.o

.rodata         0x0000000008009ad4       0x38
                0x0000000008009ad4                . = ALIGN (0x4)
 *(.rodata)
 .rodata        0x0000000008009ad4       0x14 Middlewares/Third_Party/FatFs/src/drivers/sd_diskio.o
                0x0000000008009ad4                SD_Driver
 .rodata        0x0000000008009ae8       0x24 Src/system_stm32l1xx.o
                0x0000000008009ae8                PLLMulTable
                0x0000000008009af4                AHBPrescTable
                0x0000000008009b04                APBPrescTable
 *(.rodata*)
                0x0000000008009b0c                . = ALIGN (0x4)

.rel.dyn        0x0000000008009b0c        0x0
 .rel.iplt      0x0000000008009b0c        0x0 /Applications/Ac6/SystemWorkbench.app/Contents/Eclipse/plugins/fr.ac6.mcu.externaltools.arm-none.macos64_1.13.1.201703061524/tools/compiler/bin/../lib/gcc/arm-none-eabi/5.4.1/armv7-m/crtbegin.o

.ARM.extab
 *(.ARM.extab* .gnu.linkonce.armextab.*)

.ARM            0x0000000008009b0c        0x0
                0x0000000008009b0c                __exidx_start = .
 *(.ARM.exidx*)
                0x0000000008009b0c                __exidx_end = .

.preinit_array  0x0000000008009b0c        0x0
                0x0000000008009b0c                PROVIDE (__preinit_array_start, .)
 *(.preinit_array*)
                0x0000000008009b0c                PROVIDE (__preinit_array_end, .)

.init_array     0x0000000008009b0c        0x4
                0x0000000008009b0c                PROVIDE (__init_array_start, .)
 *(SORT(.init_array.*))
 *(.init_array*)
 .init_array    0x0000000008009b0c        0x4 /Applications/Ac6/SystemWorkbench.app/Contents/Eclipse/plugins/fr.ac6.mcu.externaltools.arm-none.macos64_1.13.1.201703061524/tools/compiler/bin/../lib/gcc/arm-none-eabi/5.4.1/armv7-m/crtbegin.o
                0x0000000008009b10                PROVIDE (__init_array_end, .)

.fini_array     0x0000000008009b10        0x4
                [!provide]                        PROVIDE (__fini_array_start, .)
 *(SORT(.fini_array.*))
 *(.fini_array*)
 .fini_array    0x0000000008009b10        0x4 /Applications/Ac6/SystemWorkbench.app/Contents/Eclipse/plugins/fr.ac6.mcu.externaltools.arm-none.macos64_1.13.1.201703061524/tools/compiler/bin/../lib/gcc/arm-none-eabi/5.4.1/armv7-m/crtbegin.o
                [!provide]                        PROVIDE (__fini_array_end, .)
                0x0000000008009b14                _sidata = LOADADDR (.data)

.data           0x0000000020000000        0x8 load address 0x0000000008009b14
                0x0000000020000000                . = ALIGN (0x4)
                0x0000000020000000                _sdata = .
 *(.data)
 .data          0x0000000020000000        0x1 Middlewares/Third_Party/FatFs/src/drivers/sd_diskio.o
 *fill*         0x0000000020000001        0x3 
 .data          0x0000000020000004        0x4 Src/system_stm32l1xx.o
                0x0000000020000004                SystemCoreClock
 *(.data*)
                0x0000000020000008                . = ALIGN (0x4)
                0x0000000020000008                _edata = .

.jcr            0x0000000020000008        0x0 load address 0x0000000008009b1c
 .jcr           0x0000000020000008        0x0 /Applications/Ac6/SystemWorkbench.app/Contents/Eclipse/plugins/fr.ac6.mcu.externaltools.arm-none.macos64_1.13.1.201703061524/tools/compiler/bin/../lib/gcc/arm-none-eabi/5.4.1/armv7-m/crtbegin.o

.igot.plt       0x0000000020000008        0x0 load address 0x0000000008009b1c
 .igot.plt      0x0000000020000008        0x0 /Applications/Ac6/SystemWorkbench.app/Contents/Eclipse/plugins/fr.ac6.mcu.externaltools.arm-none.macos64_1.13.1.201703061524/tools/compiler/bin/../lib/gcc/arm-none-eabi/5.4.1/armv7-m/crtbegin.o
                0x0000000020000008                . = ALIGN (0x4)

.bss            0x0000000020000008      0x298 load address 0x0000000008009b1c
                0x0000000020000008                _sbss = .
                0x0000000020000008                __bss_start__ = _sbss
 *(.bss)
 .bss           0x0000000020000008       0x1c /Applications/Ac6/SystemWorkbench.app/Contents/Eclipse/plugins/fr.ac6.mcu.externaltools.arm-none.macos64_1.13.1.201703061524/tools/compiler/bin/../lib/gcc/arm-none-eabi/5.4.1/armv7-m/crtbegin.o
 .bss           0x0000000020000024        0xc Middlewares/Third_Party/FatFs/src/ff_gen_drv.o
                0x0000000020000024                disk
 *(.bss*)
 *(COMMON)
 COMMON         0x0000000020000030        0x4 Drivers/STM32L1xx_HAL_Driver/Src/stm32l1xx_hal.o
                0x0000000020000030                uwTick
 COMMON         0x0000000020000034        0x8 Src/fatfs.o
                0x0000000020000034                retSD
                0x0000000020000038                SD_Path
 *fill*         0x000000002000003c        0x4 
 COMMON         0x0000000020000040      0x260 Src/main.o
                0x0000000020000040                htim3
                0x0000000020000078                hdma_sd_mmc
                0x00000000200000c0                SDCardInfo
                0x0000000020000118                hrtc
                0x0000000020000138                hsd
                0x0000000020000198                hlcd
                0x00000000200001d4                htim2
                0x000000002000020c                huart2
                0x000000002000024c                hadc
                0x00000000200002a0                . = ALIGN (0x4)
                0x00000000200002a0                _ebss = .
                0x00000000200002a0                __bss_end__ = _ebss

._user_heap_stack
                0x00000000200002a0      0x600 load address 0x0000000008009b1c
                0x00000000200002a0                . = ALIGN (0x8)
                [!provide]                        PROVIDE (end, .)
                [!provide]                        PROVIDE (_end, .)
                0x00000000200004a0                . = (. + _Min_Heap_Size)
 *fill*         0x00000000200002a0      0x200 
                0x00000000200008a0                . = (. + _Min_Stack_Size)
 *fill*         0x00000000200004a0      0x400 
                0x00000000200008a0                . = ALIGN (0x8)

/DISCARD/
 libc.a(*)
 libm.a(*)
 libgcc.a(*)

.ARM.attributes
                0x0000000000000000       0x29
 *(.ARM.attributes)
 .ARM.attributes
                0x0000000000000000       0x1d /Applications/Ac6/SystemWorkbench.app/Contents/Eclipse/plugins/fr.ac6.mcu.externaltools.arm-none.macos64_1.13.1.201703061524/tools/compiler/bin/../lib/gcc/arm-none-eabi/5.4.1/armv7-m/crti.o
 .ARM.attributes
                0x000000000000001d       0x2d /Applications/Ac6/SystemWorkbench.app/Contents/Eclipse/plugins/fr.ac6.mcu.externaltools.arm-none.macos64_1.13.1.201703061524/tools/compiler/bin/../lib/gcc/arm-none-eabi/5.4.1/armv7-m/crtbegin.o
 .ARM.attributes
                0x000000000000004a       0x33 Drivers/STM32L1xx_HAL_Driver/Src/stm32l1xx_hal.o
 .ARM.attributes
                0x000000000000007d       0x33 Drivers/STM32L1xx_HAL_Driver/Src/stm32l1xx_hal_adc.o
 .ARM.attributes
                0x00000000000000b0       0x33 Drivers/STM32L1xx_HAL_Driver/Src/stm32l1xx_hal_cortex.o
 .ARM.attributes
                0x00000000000000e3       0x33 Drivers/STM32L1xx_HAL_Driver/Src/stm32l1xx_hal_dma.o
 .ARM.attributes
                0x0000000000000116       0x33 Drivers/STM32L1xx_HAL_Driver/Src/stm32l1xx_hal_gpio.o
 .ARM.attributes
                0x0000000000000149       0x33 Drivers/STM32L1xx_HAL_Driver/Src/stm32l1xx_hal_lcd.o
 .ARM.attributes
                0x000000000000017c       0x33 Drivers/STM32L1xx_HAL_Driver/Src/stm32l1xx_hal_pwr_ex.o
 .ARM.attributes
                0x00000000000001af       0x33 Drivers/STM32L1xx_HAL_Driver/Src/stm32l1xx_hal_rcc.o
 .ARM.attributes
                0x00000000000001e2       0x33 Drivers/STM32L1xx_HAL_Driver/Src/stm32l1xx_hal_rcc_ex.o
 .ARM.attributes
                0x0000000000000215       0x33 Drivers/STM32L1xx_HAL_Driver/Src/stm32l1xx_hal_rtc.o
 .ARM.attributes
                0x0000000000000248       0x33 Drivers/STM32L1xx_HAL_Driver/Src/stm32l1xx_hal_sd.o
 .ARM.attributes
                0x000000000000027b       0x33 Drivers/STM32L1xx_HAL_Driver/Src/stm32l1xx_hal_tim.o
 .ARM.attributes
                0x00000000000002ae       0x33 Drivers/STM32L1xx_HAL_Driver/Src/stm32l1xx_hal_tim_ex.o
 .ARM.attributes
                0x00000000000002e1       0x33 Drivers/STM32L1xx_HAL_Driver/Src/stm32l1xx_hal_uart.o
 .ARM.attributes
                0x0000000000000314       0x33 Drivers/STM32L1xx_HAL_Driver/Src/stm32l1xx_ll_sdmmc.o
 .ARM.attributes
                0x0000000000000347       0x33 Middlewares/Third_Party/FatFs/src/ff_gen_drv.o
 .ARM.attributes
                0x000000000000037a       0x33 Middlewares/Third_Party/FatFs/src/drivers/sd_diskio.o
 .ARM.attributes
                0x00000000000003ad       0x33 Src/bsp_driver_sd.o
 .ARM.attributes
                0x00000000000003e0       0x33 Src/fatfs.o
 .ARM.attributes
                0x0000000000000413       0x33 Src/main.o
 .ARM.attributes
                0x0000000000000446       0x33 Src/stm32l1xx_hal_msp.o
 .ARM.attributes
                0x0000000000000479       0x33 Src/stm32l1xx_it.o
 .ARM.attributes
                0x00000000000004ac       0x33 Src/system_stm32l1xx.o
 .ARM.attributes
                0x00000000000004df       0x21 startup/startup_stm32l152xd.o
 .ARM.attributes
                0x0000000000000500       0x2d /Applications/Ac6/SystemWorkbench.app/Contents/Eclipse/plugins/fr.ac6.mcu.externaltools.arm-none.macos64_1.13.1.201703061524/tools/compiler/bin/../lib/gcc/arm-none-eabi/5.4.1/../../../../arm-none-eabi/lib/armv7-m/libc_nano.a(lib_a-init.o)
 .ARM.attributes
                0x000000000000052d       0x1d /Applications/Ac6/SystemWorkbench.app/Contents/Eclipse/plugins/fr.ac6.mcu.externaltools.arm-none.macos64_1.13.1.201703061524/tools/compiler/bin/../lib/gcc/arm-none-eabi/5.4.1/armv7-m/crtn.o
OUTPUT(EEVBlog.elf elf32-littlearm)

.debug_info     0x0000000000000000    0x13c08
 .debug_info    0x0000000000000000      0x64b Drivers/STM32L1xx_HAL_Driver/Src/stm32l1xx_hal.o
 .debug_info    0x000000000000064b      0xff4 Drivers/STM32L1xx_HAL_Driver/Src/stm32l1xx_hal_adc.o
 .debug_info    0x000000000000163f      0xe02 Drivers/STM32L1xx_HAL_Driver/Src/stm32l1xx_hal_cortex.o
 .debug_info    0x0000000000002441      0x7c5 Drivers/STM32L1xx_HAL_Driver/Src/stm32l1xx_hal_dma.o
 .debug_info    0x0000000000002c06      0x608 Drivers/STM32L1xx_HAL_Driver/Src/stm32l1xx_hal_gpio.o
 .debug_info    0x000000000000320e      0x60c Drivers/STM32L1xx_HAL_Driver/Src/stm32l1xx_hal_lcd.o
 .debug_info    0x000000000000381a      0x34e Drivers/STM32L1xx_HAL_Driver/Src/stm32l1xx_hal_pwr_ex.o
 .debug_info    0x0000000000003b68     0x16db Drivers/STM32L1xx_HAL_Driver/Src/stm32l1xx_hal_rcc.o
 .debug_info    0x0000000000005243      0x5f6 Drivers/STM32L1xx_HAL_Driver/Src/stm32l1xx_hal_rcc_ex.o
 .debug_info    0x0000000000005839      0xadb Drivers/STM32L1xx_HAL_Driver/Src/stm32l1xx_hal_rtc.o
 .debug_info    0x0000000000006314     0x284a Drivers/STM32L1xx_HAL_Driver/Src/stm32l1xx_hal_sd.o
 .debug_info    0x0000000000008b5e     0x2d0d Drivers/STM32L1xx_HAL_Driver/Src/stm32l1xx_hal_tim.o
 .debug_info    0x000000000000b86b      0x5fd Drivers/STM32L1xx_HAL_Driver/Src/stm32l1xx_hal_tim_ex.o
 .debug_info    0x000000000000be68     0x11a2 Drivers/STM32L1xx_HAL_Driver/Src/stm32l1xx_hal_uart.o
 .debug_info    0x000000000000d00a      0x611 Drivers/STM32L1xx_HAL_Driver/Src/stm32l1xx_ll_sdmmc.o
 .debug_info    0x000000000000d61b      0x401 Middlewares/Third_Party/FatFs/src/ff_gen_drv.o
 .debug_info    0x000000000000da1c      0x75f Middlewares/Third_Party/FatFs/src/drivers/sd_diskio.o
 .debug_info    0x000000000000e17b      0xe59 Src/bsp_driver_sd.o
 .debug_info    0x000000000000efd4      0x29f Src/fatfs.o
 .debug_info    0x000000000000f273     0x24e5 Src/main.o
 .debug_info    0x0000000000011758     0x1c20 Src/stm32l1xx_hal_msp.o
 .debug_info    0x0000000000013378      0x3cd Src/stm32l1xx_it.o
 .debug_info    0x0000000000013745      0x446 Src/system_stm32l1xx.o
 .debug_info    0x0000000000013b8b       0x7d startup/startup_stm32l152xd.o

.debug_abbrev   0x0000000000000000     0x2ba7
 .debug_abbrev  0x0000000000000000      0x1c1 Drivers/STM32L1xx_HAL_Driver/Src/stm32l1xx_hal.o
 .debug_abbrev  0x00000000000001c1      0x269 Drivers/STM32L1xx_HAL_Driver/Src/stm32l1xx_hal_adc.o
 .debug_abbrev  0x000000000000042a      0x2e2 Drivers/STM32L1xx_HAL_Driver/Src/stm32l1xx_hal_cortex.o
 .debug_abbrev  0x000000000000070c      0x210 Drivers/STM32L1xx_HAL_Driver/Src/stm32l1xx_hal_dma.o
 .debug_abbrev  0x000000000000091c      0x1cd Drivers/STM32L1xx_HAL_Driver/Src/stm32l1xx_hal_gpio.o
 .debug_abbrev  0x0000000000000ae9      0x1bf Drivers/STM32L1xx_HAL_Driver/Src/stm32l1xx_hal_lcd.o
 .debug_abbrev  0x0000000000000ca8      0x149 Drivers/STM32L1xx_HAL_Driver/Src/stm32l1xx_hal_pwr_ex.o
 .debug_abbrev  0x0000000000000df1      0x2a1 Drivers/STM32L1xx_HAL_Driver/Src/stm32l1xx_hal_rcc.o
 .debug_abbrev  0x0000000000001092      0x242 Drivers/STM32L1xx_HAL_Driver/Src/stm32l1xx_hal_rcc_ex.o
 .debug_abbrev  0x00000000000012d4      0x1ad Drivers/STM32L1xx_HAL_Driver/Src/stm32l1xx_hal_rtc.o
 .debug_abbrev  0x0000000000001481      0x269 Drivers/STM32L1xx_HAL_Driver/Src/stm32l1xx_hal_sd.o
 .debug_abbrev  0x00000000000016ea      0x20c Drivers/STM32L1xx_HAL_Driver/Src/stm32l1xx_hal_tim.o
 .debug_abbrev  0x00000000000018f6      0x139 Drivers/STM32L1xx_HAL_Driver/Src/stm32l1xx_hal_tim_ex.o
 .debug_abbrev  0x0000000000001a2f      0x228 Drivers/STM32L1xx_HAL_Driver/Src/stm32l1xx_hal_uart.o
 .debug_abbrev  0x0000000000001c57      0x181 Drivers/STM32L1xx_HAL_Driver/Src/stm32l1xx_ll_sdmmc.o
 .debug_abbrev  0x0000000000001dd8      0x179 Middlewares/Third_Party/FatFs/src/ff_gen_drv.o
 .debug_abbrev  0x0000000000001f51      0x15a Middlewares/Third_Party/FatFs/src/drivers/sd_diskio.o
 .debug_abbrev  0x00000000000020ab      0x26f Src/bsp_driver_sd.o
 .debug_abbrev  0x000000000000231a      0x13f Src/fatfs.o
 .debug_abbrev  0x0000000000002459      0x263 Src/main.o
 .debug_abbrev  0x00000000000026bc      0x26e Src/stm32l1xx_hal_msp.o
 .debug_abbrev  0x000000000000292a      0x167 Src/stm32l1xx_it.o
 .debug_abbrev  0x0000000000002a91      0x104 Src/system_stm32l1xx.o
 .debug_abbrev  0x0000000000002b95       0x12 startup/startup_stm32l152xd.o

.debug_loc      0x0000000000000000     0x9ee4
 .debug_loc     0x0000000000000000       0x6a Drivers/STM32L1xx_HAL_Driver/Src/stm32l1xx_hal.o
 .debug_loc     0x000000000000006a      0x875 Drivers/STM32L1xx_HAL_Driver/Src/stm32l1xx_hal_adc.o
 .debug_loc     0x00000000000008df      0x527 Drivers/STM32L1xx_HAL_Driver/Src/stm32l1xx_hal_cortex.o
 .debug_loc     0x0000000000000e06      0x66e Drivers/STM32L1xx_HAL_Driver/Src/stm32l1xx_hal_dma.o
 .debug_loc     0x0000000000001474      0x315 Drivers/STM32L1xx_HAL_Driver/Src/stm32l1xx_hal_gpio.o
 .debug_loc     0x0000000000001789      0x3ae Drivers/STM32L1xx_HAL_Driver/Src/stm32l1xx_hal_lcd.o
 .debug_loc     0x0000000000001b37       0xac Drivers/STM32L1xx_HAL_Driver/Src/stm32l1xx_hal_pwr_ex.o
 .debug_loc     0x0000000000001be3      0xc24 Drivers/STM32L1xx_HAL_Driver/Src/stm32l1xx_hal_rcc.o
 .debug_loc     0x0000000000002807      0x325 Drivers/STM32L1xx_HAL_Driver/Src/stm32l1xx_hal_rcc_ex.o
 .debug_loc     0x0000000000002b2c      0x619 Drivers/STM32L1xx_HAL_Driver/Src/stm32l1xx_hal_rtc.o
 .debug_loc     0x0000000000003145     0x1f0b Drivers/STM32L1xx_HAL_Driver/Src/stm32l1xx_hal_sd.o
 .debug_loc     0x0000000000005050     0x305c Drivers/STM32L1xx_HAL_Driver/Src/stm32l1xx_hal_tim.o
 .debug_loc     0x00000000000080ac       0x74 Drivers/STM32L1xx_HAL_Driver/Src/stm32l1xx_hal_tim_ex.o
 .debug_loc     0x0000000000008120     0x1009 Drivers/STM32L1xx_HAL_Driver/Src/stm32l1xx_hal_uart.o
 .debug_loc     0x0000000000009129      0x229 Drivers/STM32L1xx_HAL_Driver/Src/stm32l1xx_ll_sdmmc.o
 .debug_loc     0x0000000000009352      0x24d Middlewares/Third_Party/FatFs/src/ff_gen_drv.o
 .debug_loc     0x000000000000959f      0x30a Middlewares/Third_Party/FatFs/src/drivers/sd_diskio.o
 .debug_loc     0x00000000000098a9      0x341 Src/bsp_driver_sd.o
 .debug_loc     0x0000000000009bea       0x2a Src/main.o
 .debug_loc     0x0000000000009c14      0x165 Src/stm32l1xx_hal_msp.o
 .debug_loc     0x0000000000009d79      0x16b Src/system_stm32l1xx.o

.debug_aranges  0x0000000000000000      0xf08
 .debug_aranges
                0x0000000000000000       0xb0 Drivers/STM32L1xx_HAL_Driver/Src/stm32l1xx_hal.o
 .debug_aranges
                0x00000000000000b0       0xf0 Drivers/STM32L1xx_HAL_Driver/Src/stm32l1xx_hal_adc.o
 .debug_aranges
                0x00000000000001a0       0x98 Drivers/STM32L1xx_HAL_Driver/Src/stm32l1xx_hal_cortex.o
 .debug_aranges
                0x0000000000000238       0x80 Drivers/STM32L1xx_HAL_Driver/Src/stm32l1xx_hal_dma.o
 .debug_aranges
                0x00000000000002b8       0x58 Drivers/STM32L1xx_HAL_Driver/Src/stm32l1xx_hal_gpio.o
 .debug_aranges
                0x0000000000000310       0x68 Drivers/STM32L1xx_HAL_Driver/Src/stm32l1xx_hal_lcd.o
 .debug_aranges
                0x0000000000000378       0x50 Drivers/STM32L1xx_HAL_Driver/Src/stm32l1xx_hal_pwr_ex.o
 .debug_aranges
                0x00000000000003c8       0x90 Drivers/STM32L1xx_HAL_Driver/Src/stm32l1xx_hal_rcc.o
 .debug_aranges
                0x0000000000000458       0x58 Drivers/STM32L1xx_HAL_Driver/Src/stm32l1xx_hal_rcc_ex.o
 .debug_aranges
                0x00000000000004b0       0x90 Drivers/STM32L1xx_HAL_Driver/Src/stm32l1xx_hal_rtc.o
 .debug_aranges
                0x0000000000000540      0x180 Drivers/STM32L1xx_HAL_Driver/Src/stm32l1xx_hal_sd.o
 .debug_aranges
                0x00000000000006c0      0x368 Drivers/STM32L1xx_HAL_Driver/Src/stm32l1xx_hal_tim.o
 .debug_aranges
                0x0000000000000a28       0x28 Drivers/STM32L1xx_HAL_Driver/Src/stm32l1xx_hal_tim_ex.o
 .debug_aranges
                0x0000000000000a50      0x150 Drivers/STM32L1xx_HAL_Driver/Src/stm32l1xx_hal_uart.o
 .debug_aranges
                0x0000000000000ba0       0x80 Drivers/STM32L1xx_HAL_Driver/Src/stm32l1xx_ll_sdmmc.o
 .debug_aranges
                0x0000000000000c20       0x40 Middlewares/Third_Party/FatFs/src/ff_gen_drv.o
 .debug_aranges
                0x0000000000000c60       0x40 Middlewares/Third_Party/FatFs/src/drivers/sd_diskio.o
 .debug_aranges
                0x0000000000000ca0       0x90 Src/bsp_driver_sd.o
 .debug_aranges
                0x0000000000000d30       0x28 Src/fatfs.o
 .debug_aranges
                0x0000000000000d58       0x78 Src/main.o
 .debug_aranges
                0x0000000000000dd0       0x80 Src/stm32l1xx_hal_msp.o
 .debug_aranges
                0x0000000000000e50       0x68 Src/stm32l1xx_it.o
 .debug_aranges
                0x0000000000000eb8       0x28 Src/system_stm32l1xx.o
 .debug_aranges
                0x0000000000000ee0       0x28 startup/startup_stm32l152xd.o

.debug_ranges   0x0000000000000000      0xdc0
 .debug_ranges  0x0000000000000000       0xa0 Drivers/STM32L1xx_HAL_Driver/Src/stm32l1xx_hal.o
 .debug_ranges  0x00000000000000a0       0xe0 Drivers/STM32L1xx_HAL_Driver/Src/stm32l1xx_hal_adc.o
 .debug_ranges  0x0000000000000180       0x88 Drivers/STM32L1xx_HAL_Driver/Src/stm32l1xx_hal_cortex.o
 .debug_ranges  0x0000000000000208       0x70 Drivers/STM32L1xx_HAL_Driver/Src/stm32l1xx_hal_dma.o
 .debug_ranges  0x0000000000000278       0x48 Drivers/STM32L1xx_HAL_Driver/Src/stm32l1xx_hal_gpio.o
 .debug_ranges  0x00000000000002c0       0x58 Drivers/STM32L1xx_HAL_Driver/Src/stm32l1xx_hal_lcd.o
 .debug_ranges  0x0000000000000318       0x40 Drivers/STM32L1xx_HAL_Driver/Src/stm32l1xx_hal_pwr_ex.o
 .debug_ranges  0x0000000000000358       0x98 Drivers/STM32L1xx_HAL_Driver/Src/stm32l1xx_hal_rcc.o
 .debug_ranges  0x00000000000003f0       0x60 Drivers/STM32L1xx_HAL_Driver/Src/stm32l1xx_hal_rcc_ex.o
 .debug_ranges  0x0000000000000450       0x80 Drivers/STM32L1xx_HAL_Driver/Src/stm32l1xx_hal_rtc.o
 .debug_ranges  0x00000000000004d0      0x170 Drivers/STM32L1xx_HAL_Driver/Src/stm32l1xx_hal_sd.o
 .debug_ranges  0x0000000000000640      0x358 Drivers/STM32L1xx_HAL_Driver/Src/stm32l1xx_hal_tim.o
 .debug_ranges  0x0000000000000998       0x18 Drivers/STM32L1xx_HAL_Driver/Src/stm32l1xx_hal_tim_ex.o
 .debug_ranges  0x00000000000009b0      0x140 Drivers/STM32L1xx_HAL_Driver/Src/stm32l1xx_hal_uart.o
 .debug_ranges  0x0000000000000af0       0x70 Drivers/STM32L1xx_HAL_Driver/Src/stm32l1xx_ll_sdmmc.o
 .debug_ranges  0x0000000000000b60       0x30 Middlewares/Third_Party/FatFs/src/ff_gen_drv.o
 .debug_ranges  0x0000000000000b90       0x30 Middlewares/Third_Party/FatFs/src/drivers/sd_diskio.o
 .debug_ranges  0x0000000000000bc0       0x80 Src/bsp_driver_sd.o
 .debug_ranges  0x0000000000000c40       0x18 Src/fatfs.o
 .debug_ranges  0x0000000000000c58       0x68 Src/main.o
 .debug_ranges  0x0000000000000cc0       0x70 Src/stm32l1xx_hal_msp.o
 .debug_ranges  0x0000000000000d30       0x58 Src/stm32l1xx_it.o
 .debug_ranges  0x0000000000000d88       0x18 Src/system_stm32l1xx.o
 .debug_ranges  0x0000000000000da0       0x20 startup/startup_stm32l152xd.o

.debug_macro    0x0000000000000000    0x1c460
 .debug_macro   0x0000000000000000      0x356 Drivers/STM32L1xx_HAL_Driver/Src/stm32l1xx_hal.o
 .debug_macro   0x0000000000000356      0x880 Drivers/STM32L1xx_HAL_Driver/Src/stm32l1xx_hal.o
 .debug_macro   0x0000000000000bd6      0x252 Drivers/STM32L1xx_HAL_Driver/Src/stm32l1xx_hal.o
 .debug_macro   0x0000000000000e28       0xa0 Drivers/STM32L1xx_HAL_Driver/Src/stm32l1xx_hal.o
 .debug_macro   0x0000000000000ec8       0x2e Drivers/STM32L1xx_HAL_Driver/Src/stm32l1xx_hal.o
 .debug_macro   0x0000000000000ef6       0x22 Drivers/STM32L1xx_HAL_Driver/Src/stm32l1xx_hal.o
 .debug_macro   0x0000000000000f18       0x22 Drivers/STM32L1xx_HAL_Driver/Src/stm32l1xx_hal.o
 .debug_macro   0x0000000000000f3a       0x87 Drivers/STM32L1xx_HAL_Driver/Src/stm32l1xx_hal.o
 .debug_macro   0x0000000000000fc1       0x44 Drivers/STM32L1xx_HAL_Driver/Src/stm32l1xx_hal.o
 .debug_macro   0x0000000000001005       0xfd Drivers/STM32L1xx_HAL_Driver/Src/stm32l1xx_hal.o
 .debug_macro   0x0000000000001102       0x5e Drivers/STM32L1xx_HAL_Driver/Src/stm32l1xx_hal.o
 .debug_macro   0x0000000000001160      0x1df Drivers/STM32L1xx_HAL_Driver/Src/stm32l1xx_hal.o
 .debug_macro   0x000000000000133f       0x34 Drivers/STM32L1xx_HAL_Driver/Src/stm32l1xx_hal.o
 .debug_macro   0x0000000000001373       0x34 Drivers/STM32L1xx_HAL_Driver/Src/stm32l1xx_hal.o
 .debug_macro   0x00000000000013a7      0xcb4 Drivers/STM32L1xx_HAL_Driver/Src/stm32l1xx_hal.o
 .debug_macro   0x000000000000205b     0xcca8 Drivers/STM32L1xx_HAL_Driver/Src/stm32l1xx_hal.o
 .debug_macro   0x000000000000ed03       0x43 Drivers/STM32L1xx_HAL_Driver/Src/stm32l1xx_hal.o
 .debug_macro   0x000000000000ed46     0x339f Drivers/STM32L1xx_HAL_Driver/Src/stm32l1xx_hal.o
 .debug_macro   0x00000000000120e5       0x52 Drivers/STM32L1xx_HAL_Driver/Src/stm32l1xx_hal.o
 .debug_macro   0x0000000000012137       0x35 Drivers/STM32L1xx_HAL_Driver/Src/stm32l1xx_hal.o
 .debug_macro   0x000000000001216c       0x9c Drivers/STM32L1xx_HAL_Driver/Src/stm32l1xx_hal.o
 .debug_macro   0x0000000000012208       0x16 Drivers/STM32L1xx_HAL_Driver/Src/stm32l1xx_hal.o
 .debug_macro   0x000000000001221e       0x97 Drivers/STM32L1xx_HAL_Driver/Src/stm32l1xx_hal.o
 .debug_macro   0x00000000000122b5      0x30d Drivers/STM32L1xx_HAL_Driver/Src/stm32l1xx_hal.o
 .debug_macro   0x00000000000125c2       0xfd Drivers/STM32L1xx_HAL_Driver/Src/stm32l1xx_hal.o
 .debug_macro   0x00000000000126bf       0x10 Drivers/STM32L1xx_HAL_Driver/Src/stm32l1xx_hal.o
 .debug_macro   0x00000000000126cf       0x52 Drivers/STM32L1xx_HAL_Driver/Src/stm32l1xx_hal.o
 .debug_macro   0x0000000000012721       0x1f Drivers/STM32L1xx_HAL_Driver/Src/stm32l1xx_hal.o
 .debug_macro   0x0000000000012740       0x43 Drivers/STM32L1xx_HAL_Driver/Src/stm32l1xx_hal.o
 .debug_macro   0x0000000000012783       0x20 Drivers/STM32L1xx_HAL_Driver/Src/stm32l1xx_hal.o
 .debug_macro   0x00000000000127a3      0x187 Drivers/STM32L1xx_HAL_Driver/Src/stm32l1xx_hal.o
 .debug_macro   0x000000000001292a       0x10 Drivers/STM32L1xx_HAL_Driver/Src/stm32l1xx_hal.o
 .debug_macro   0x000000000001293a       0x1c Drivers/STM32L1xx_HAL_Driver/Src/stm32l1xx_hal.o
 .debug_macro   0x0000000000012956       0x52 Drivers/STM32L1xx_HAL_Driver/Src/stm32l1xx_hal.o
 .debug_macro   0x00000000000129a8       0x40 Drivers/STM32L1xx_HAL_Driver/Src/stm32l1xx_hal.o
 .debug_macro   0x00000000000129e8       0x10 Drivers/STM32L1xx_HAL_Driver/Src/stm32l1xx_hal.o
 .debug_macro   0x00000000000129f8       0x40 Drivers/STM32L1xx_HAL_Driver/Src/stm32l1xx_hal.o
 .debug_macro   0x0000000000012a38       0xd7 Drivers/STM32L1xx_HAL_Driver/Src/stm32l1xx_hal.o
 .debug_macro   0x0000000000012b0f       0x16 Drivers/STM32L1xx_HAL_Driver/Src/stm32l1xx_hal.o
 .debug_macro   0x0000000000012b25      0x18b Drivers/STM32L1xx_HAL_Driver/Src/stm32l1xx_hal.o
 .debug_macro   0x0000000000012cb0       0x50 Drivers/STM32L1xx_HAL_Driver/Src/stm32l1xx_hal.o
 .debug_macro   0x0000000000012d00      0xe3f Drivers/STM32L1xx_HAL_Driver/Src/stm32l1xx_hal.o
 .debug_macro   0x0000000000013b3f      0x3ef Drivers/STM32L1xx_HAL_Driver/Src/stm32l1xx_hal.o
 .debug_macro   0x0000000000013f2e      0x141 Drivers/STM32L1xx_HAL_Driver/Src/stm32l1xx_hal.o
 .debug_macro   0x000000000001406f       0xd4 Drivers/STM32L1xx_HAL_Driver/Src/stm32l1xx_hal.o
 .debug_macro   0x0000000000014143      0x25d Drivers/STM32L1xx_HAL_Driver/Src/stm32l1xx_hal.o
 .debug_macro   0x00000000000143a0      0x23c Drivers/STM32L1xx_HAL_Driver/Src/stm32l1xx_hal.o
 .debug_macro   0x00000000000145dc      0x68c Drivers/STM32L1xx_HAL_Driver/Src/stm32l1xx_hal.o
 .debug_macro   0x0000000000014c68      0x16f Drivers/STM32L1xx_HAL_Driver/Src/stm32l1xx_hal.o
 .debug_macro   0x0000000000014dd7      0x115 Drivers/STM32L1xx_HAL_Driver/Src/stm32l1xx_hal.o
 .debug_macro   0x0000000000014eec      0x486 Drivers/STM32L1xx_HAL_Driver/Src/stm32l1xx_hal.o
 .debug_macro   0x0000000000015372      0x3d7 Drivers/STM32L1xx_HAL_Driver/Src/stm32l1xx_hal.o
 .debug_macro   0x0000000000015749      0x1ef Drivers/STM32L1xx_HAL_Driver/Src/stm32l1xx_hal.o
 .debug_macro   0x0000000000015938       0x22 Drivers/STM32L1xx_HAL_Driver/Src/stm32l1xx_hal.o
 .debug_macro   0x000000000001595a      0x28e Drivers/STM32L1xx_HAL_Driver/Src/stm32l1xx_hal.o
 .debug_macro   0x0000000000015be8      0x5d6 Drivers/STM32L1xx_HAL_Driver/Src/stm32l1xx_hal.o
 .debug_macro   0x00000000000161be      0x48d Drivers/STM32L1xx_HAL_Driver/Src/stm32l1xx_hal.o
 .debug_macro   0x000000000001664b      0x22b Drivers/STM32L1xx_HAL_Driver/Src/stm32l1xx_hal.o
 .debug_macro   0x0000000000016876      0x757 Drivers/STM32L1xx_HAL_Driver/Src/stm32l1xx_hal.o
 .debug_macro   0x0000000000016fcd       0xad Drivers/STM32L1xx_HAL_Driver/Src/stm32l1xx_hal.o
 .debug_macro   0x000000000001707a      0x287 Drivers/STM32L1xx_HAL_Driver/Src/stm32l1xx_hal.o
 .debug_macro   0x0000000000017301      0x47f Drivers/STM32L1xx_HAL_Driver/Src/stm32l1xx_hal.o
 .debug_macro   0x0000000000017780      0x34f Drivers/STM32L1xx_HAL_Driver/Src/stm32l1xx_hal_adc.o
 .debug_macro   0x0000000000017acf      0x332 Drivers/STM32L1xx_HAL_Driver/Src/stm32l1xx_hal_cortex.o
 .debug_macro   0x0000000000017e01      0x332 Drivers/STM32L1xx_HAL_Driver/Src/stm32l1xx_hal_dma.o
 .debug_macro   0x0000000000018133      0x36b Drivers/STM32L1xx_HAL_Driver/Src/stm32l1xx_hal_gpio.o
 .debug_macro   0x000000000001849e      0x338 Drivers/STM32L1xx_HAL_Driver/Src/stm32l1xx_hal_lcd.o
 .debug_macro   0x00000000000187d6      0x332 Drivers/STM32L1xx_HAL_Driver/Src/stm32l1xx_hal_pwr_ex.o
 .debug_macro   0x0000000000018b08      0x36e Drivers/STM32L1xx_HAL_Driver/Src/stm32l1xx_hal_rcc.o
 .debug_macro   0x0000000000018e76      0x332 Drivers/STM32L1xx_HAL_Driver/Src/stm32l1xx_hal_rcc_ex.o
 .debug_macro   0x00000000000191a8      0x333 Drivers/STM32L1xx_HAL_Driver/Src/stm32l1xx_hal_rtc.o
 .debug_macro   0x00000000000194db      0x47c Drivers/STM32L1xx_HAL_Driver/Src/stm32l1xx_hal_sd.o
 .debug_macro   0x0000000000019957      0x333 Drivers/STM32L1xx_HAL_Driver/Src/stm32l1xx_hal_tim.o
 .debug_macro   0x0000000000019c8a      0x332 Drivers/STM32L1xx_HAL_Driver/Src/stm32l1xx_hal_tim_ex.o
 .debug_macro   0x0000000000019fbc      0x333 Drivers/STM32L1xx_HAL_Driver/Src/stm32l1xx_hal_uart.o
 .debug_macro   0x000000000001a2ef      0x333 Drivers/STM32L1xx_HAL_Driver/Src/stm32l1xx_ll_sdmmc.o
 .debug_macro   0x000000000001a622      0x37b Middlewares/Third_Party/FatFs/src/ff_gen_drv.o
 .debug_macro   0x000000000001a99d      0x39c Middlewares/Third_Party/FatFs/src/drivers/sd_diskio.o
 .debug_macro   0x000000000001ad39       0x4c Middlewares/Third_Party/FatFs/src/drivers/sd_diskio.o
 .debug_macro   0x000000000001ad85       0x8d Middlewares/Third_Party/FatFs/src/drivers/sd_diskio.o
 .debug_macro   0x000000000001ae12      0x174 Middlewares/Third_Party/FatFs/src/drivers/sd_diskio.o
 .debug_macro   0x000000000001af86       0x4a Middlewares/Third_Party/FatFs/src/drivers/sd_diskio.o
 .debug_macro   0x000000000001afd0       0x10 Middlewares/Third_Party/FatFs/src/drivers/sd_diskio.o
 .debug_macro   0x000000000001afe0       0x35 Middlewares/Third_Party/FatFs/src/drivers/sd_diskio.o
 .debug_macro   0x000000000001b015       0x1c Middlewares/Third_Party/FatFs/src/drivers/sd_diskio.o
 .debug_macro   0x000000000001b031      0x341 Src/bsp_driver_sd.o
 .debug_macro   0x000000000001b372       0x28 Src/bsp_driver_sd.o
 .debug_macro   0x000000000001b39a      0x38e Src/fatfs.o
 .debug_macro   0x000000000001b728      0x392 Src/main.o
 .debug_macro   0x000000000001baba      0x332 Src/stm32l1xx_hal_msp.o
 .debug_macro   0x000000000001bdec      0x33c Src/stm32l1xx_it.o
 .debug_macro   0x000000000001c128      0x338 Src/system_stm32l1xx.o

.debug_line     0x0000000000000000    0x10a22
 .debug_line    0x0000000000000000      0xa29 Drivers/STM32L1xx_HAL_Driver/Src/stm32l1xx_hal.o
 .debug_line    0x0000000000000a29      0xd4e Drivers/STM32L1xx_HAL_Driver/Src/stm32l1xx_hal_adc.o
 .debug_line    0x0000000000001777      0xa9f Drivers/STM32L1xx_HAL_Driver/Src/stm32l1xx_hal_cortex.o
 .debug_line    0x0000000000002216      0xb0b Drivers/STM32L1xx_HAL_Driver/Src/stm32l1xx_hal_dma.o
 .debug_line    0x0000000000002d21      0xa31 Drivers/STM32L1xx_HAL_Driver/Src/stm32l1xx_hal_gpio.o
 .debug_line    0x0000000000003752      0xa5e Drivers/STM32L1xx_HAL_Driver/Src/stm32l1xx_hal_lcd.o
 .debug_line    0x00000000000041b0      0x9ac Drivers/STM32L1xx_HAL_Driver/Src/stm32l1xx_hal_pwr_ex.o
 .debug_line    0x0000000000004b5c      0xedb Drivers/STM32L1xx_HAL_Driver/Src/stm32l1xx_hal_rcc.o
 .debug_line    0x0000000000005a37      0xa4a Drivers/STM32L1xx_HAL_Driver/Src/stm32l1xx_hal_rcc_ex.o
 .debug_line    0x0000000000006481      0xaf8 Drivers/STM32L1xx_HAL_Driver/Src/stm32l1xx_hal_rtc.o
 .debug_line    0x0000000000006f79     0x11a4 Drivers/STM32L1xx_HAL_Driver/Src/stm32l1xx_hal_sd.o
 .debug_line    0x000000000000811d     0x1675 Drivers/STM32L1xx_HAL_Driver/Src/stm32l1xx_hal_tim.o
 .debug_line    0x0000000000009792      0x94f Drivers/STM32L1xx_HAL_Driver/Src/stm32l1xx_hal_tim_ex.o
 .debug_line    0x000000000000a0e1      0xf35 Drivers/STM32L1xx_HAL_Driver/Src/stm32l1xx_hal_uart.o
 .debug_line    0x000000000000b016      0x9e4 Drivers/STM32L1xx_HAL_Driver/Src/stm32l1xx_ll_sdmmc.o
 .debug_line    0x000000000000b9fa      0x992 Middlewares/Third_Party/FatFs/src/ff_gen_drv.o
 .debug_line    0x000000000000c38c      0xa21 Middlewares/Third_Party/FatFs/src/drivers/sd_diskio.o
 .debug_line    0x000000000000cdad      0x9ec Src/bsp_driver_sd.o
 .debug_line    0x000000000000d799      0x9e8 Src/fatfs.o
 .debug_line    0x000000000000e181      0xb95 Src/main.o
 .debug_line    0x000000000000ed16      0xa30 Src/stm32l1xx_hal_msp.o
 .debug_line    0x000000000000f746      0x969 Src/stm32l1xx_it.o
 .debug_line    0x00000000000100af      0x8f6 Src/system_stm32l1xx.o
 .debug_line    0x00000000000109a5       0x7d startup/startup_stm32l152xd.o

.debug_str      0x0000000000000000    0xa52e8
 .debug_str     0x0000000000000000    0x9fb97 Drivers/STM32L1xx_HAL_Driver/Src/stm32l1xx_hal.o
                                      0x9fee5 (size before relaxing)
 .debug_str     0x000000000009fb97      0x70d Drivers/STM32L1xx_HAL_Driver/Src/stm32l1xx_hal_adc.o
                                      0x9ffce (size before relaxing)
 .debug_str     0x00000000000a02a4      0x39d Drivers/STM32L1xx_HAL_Driver/Src/stm32l1xx_hal_cortex.o
                                      0x9fff2 (size before relaxing)
 .debug_str     0x00000000000a0641      0x216 Drivers/STM32L1xx_HAL_Driver/Src/stm32l1xx_hal_dma.o
                                      0x9fbb0 (size before relaxing)
 .debug_str     0x00000000000a0857      0x2d0 Drivers/STM32L1xx_HAL_Driver/Src/stm32l1xx_hal_gpio.o
                                      0x9fad8 (size before relaxing)
 .debug_str     0x00000000000a0b27      0x239 Drivers/STM32L1xx_HAL_Driver/Src/stm32l1xx_hal_lcd.o
                                      0x9fa3c (size before relaxing)
 .debug_str     0x00000000000a0d60      0x116 Drivers/STM32L1xx_HAL_Driver/Src/stm32l1xx_hal_pwr_ex.o
                                      0x9f8a3 (size before relaxing)
 .debug_str     0x00000000000a0e76      0x562 Drivers/STM32L1xx_HAL_Driver/Src/stm32l1xx_hal_rcc.o
                                      0x9fe71 (size before relaxing)
 .debug_str     0x00000000000a13d8      0x19a Drivers/STM32L1xx_HAL_Driver/Src/stm32l1xx_hal_rcc_ex.o
                                      0x9fa03 (size before relaxing)
 .debug_str     0x00000000000a1572      0x44a Drivers/STM32L1xx_HAL_Driver/Src/stm32l1xx_hal_rtc.o
                                      0x9fc6f (size before relaxing)
 .debug_str     0x00000000000a19bc     0x1627 Drivers/STM32L1xx_HAL_Driver/Src/stm32l1xx_hal_sd.o
                                      0xa105a (size before relaxing)
 .debug_str     0x00000000000a2fe3      0xe2a Drivers/STM32L1xx_HAL_Driver/Src/stm32l1xx_hal_tim.o
                                      0xa0886 (size before relaxing)
 .debug_str     0x00000000000a3e0d       0xc7 Drivers/STM32L1xx_HAL_Driver/Src/stm32l1xx_hal_tim_ex.o
                                      0x9fbd5 (size before relaxing)
 .debug_str     0x00000000000a3ed4      0x50a Drivers/STM32L1xx_HAL_Driver/Src/stm32l1xx_hal_uart.o
                                      0x9ff43 (size before relaxing)
 .debug_str     0x00000000000a43de       0xcc Drivers/STM32L1xx_HAL_Driver/Src/stm32l1xx_ll_sdmmc.o
                                      0x9fa6f (size before relaxing)
 .debug_str     0x00000000000a44aa      0x997 Middlewares/Third_Party/FatFs/src/ff_gen_drv.o
                                      0xa00e0 (size before relaxing)
 .debug_str     0x00000000000a4e41      0x101 Middlewares/Third_Party/FatFs/src/drivers/sd_diskio.o
                                      0xa03f5 (size before relaxing)
 .debug_str     0x00000000000a4f42      0x104 Src/bsp_driver_sd.o
                                      0xa03b6 (size before relaxing)
 .debug_str     0x00000000000a5046       0x51 Src/fatfs.o
                                      0xa0081 (size before relaxing)
 .debug_str     0x00000000000a5097       0xe8 Src/main.o
                                      0xa174c (size before relaxing)
 .debug_str     0x00000000000a517f       0x25 Src/stm32l1xx_hal_msp.o
                                      0xa08b8 (size before relaxing)
 .debug_str     0x00000000000a51a4       0xd1 Src/stm32l1xx_it.o
                                      0x9fa1c (size before relaxing)
 .debug_str     0x00000000000a5275       0x73 Src/system_stm32l1xx.o
                                      0x9f8b2 (size before relaxing)

.comment        0x0000000000000000       0x6e
 .comment       0x0000000000000000       0x6e Drivers/STM32L1xx_HAL_Driver/Src/stm32l1xx_hal.o
                                         0x6f (size before relaxing)
 .comment       0x000000000000006e       0x6f Drivers/STM32L1xx_HAL_Driver/Src/stm32l1xx_hal_adc.o
 .comment       0x000000000000006e       0x6f Drivers/STM32L1xx_HAL_Driver/Src/stm32l1xx_hal_cortex.o
 .comment       0x000000000000006e       0x6f Drivers/STM32L1xx_HAL_Driver/Src/stm32l1xx_hal_dma.o
 .comment       0x000000000000006e       0x6f Drivers/STM32L1xx_HAL_Driver/Src/stm32l1xx_hal_gpio.o
 .comment       0x000000000000006e       0x6f Drivers/STM32L1xx_HAL_Driver/Src/stm32l1xx_hal_lcd.o
 .comment       0x000000000000006e       0x6f Drivers/STM32L1xx_HAL_Driver/Src/stm32l1xx_hal_pwr_ex.o
 .comment       0x000000000000006e       0x6f Drivers/STM32L1xx_HAL_Driver/Src/stm32l1xx_hal_rcc.o
 .comment       0x000000000000006e       0x6f Drivers/STM32L1xx_HAL_Driver/Src/stm32l1xx_hal_rcc_ex.o
 .comment       0x000000000000006e       0x6f Drivers/STM32L1xx_HAL_Driver/Src/stm32l1xx_hal_rtc.o
 .comment       0x000000000000006e       0x6f Drivers/STM32L1xx_HAL_Driver/Src/stm32l1xx_hal_sd.o
 .comment       0x000000000000006e       0x6f Drivers/STM32L1xx_HAL_Driver/Src/stm32l1xx_hal_tim.o
 .comment       0x000000000000006e       0x6f Drivers/STM32L1xx_HAL_Driver/Src/stm32l1xx_hal_tim_ex.o
 .comment       0x000000000000006e       0x6f Drivers/STM32L1xx_HAL_Driver/Src/stm32l1xx_hal_uart.o
 .comment       0x000000000000006e       0x6f Drivers/STM32L1xx_HAL_Driver/Src/stm32l1xx_ll_sdmmc.o
 .comment       0x000000000000006e       0x6f Middlewares/Third_Party/FatFs/src/ff_gen_drv.o
 .comment       0x000000000000006e       0x6f Middlewares/Third_Party/FatFs/src/drivers/sd_diskio.o
 .comment       0x000000000000006e       0x6f Src/bsp_driver_sd.o
 .comment       0x000000000000006e       0x6f Src/fatfs.o
 .comment       0x000000000000006e       0x6f Src/main.o
 .comment       0x000000000000006e       0x6f Src/stm32l1xx_hal_msp.o
 .comment       0x000000000000006e       0x6f Src/stm32l1xx_it.o
 .comment       0x000000000000006e       0x6f Src/system_stm32l1xx.o

.debug_frame    0x0000000000000000     0x2734
 .debug_frame   0x0000000000000000      0x168 Drivers/STM32L1xx_HAL_Driver/Src/stm32l1xx_hal.o
 .debug_frame   0x0000000000000168      0x2e0 Drivers/STM32L1xx_HAL_Driver/Src/stm32l1xx_hal_adc.o
 .debug_frame   0x0000000000000448      0x134 Drivers/STM32L1xx_HAL_Driver/Src/stm32l1xx_hal_cortex.o
 .debug_frame   0x000000000000057c      0x158 Drivers/STM32L1xx_HAL_Driver/Src/stm32l1xx_hal_dma.o
 .debug_frame   0x00000000000006d4       0xc4 Drivers/STM32L1xx_HAL_Driver/Src/stm32l1xx_hal_gpio.o
 .debug_frame   0x0000000000000798      0x10c Drivers/STM32L1xx_HAL_Driver/Src/stm32l1xx_hal_lcd.o
 .debug_frame   0x00000000000008a4       0x80 Drivers/STM32L1xx_HAL_Driver/Src/stm32l1xx_hal_pwr_ex.o
 .debug_frame   0x0000000000000924      0x168 Drivers/STM32L1xx_HAL_Driver/Src/stm32l1xx_hal_rcc.o
 .debug_frame   0x0000000000000a8c       0xc4 Drivers/STM32L1xx_HAL_Driver/Src/stm32l1xx_hal_rcc_ex.o
 .debug_frame   0x0000000000000b50      0x198 Drivers/STM32L1xx_HAL_Driver/Src/stm32l1xx_hal_rtc.o
 .debug_frame   0x0000000000000ce8      0x508 Drivers/STM32L1xx_HAL_Driver/Src/stm32l1xx_hal_sd.o
 .debug_frame   0x00000000000011f0      0x9c4 Drivers/STM32L1xx_HAL_Driver/Src/stm32l1xx_hal_tim.o
 .debug_frame   0x0000000000001bb4       0x48 Drivers/STM32L1xx_HAL_Driver/Src/stm32l1xx_hal_tim_ex.o
 .debug_frame   0x0000000000001bfc      0x378 Drivers/STM32L1xx_HAL_Driver/Src/stm32l1xx_hal_uart.o
 .debug_frame   0x0000000000001f74       0xf8 Drivers/STM32L1xx_HAL_Driver/Src/stm32l1xx_ll_sdmmc.o
 .debug_frame   0x000000000000206c       0x88 Middlewares/Third_Party/FatFs/src/ff_gen_drv.o
 .debug_frame   0x00000000000020f4       0xa4 Middlewares/Third_Party/FatFs/src/drivers/sd_diskio.o
 .debug_frame   0x0000000000002198      0x184 Src/bsp_driver_sd.o
 .debug_frame   0x000000000000231c       0x38 Src/fatfs.o
 .debug_frame   0x0000000000002354      0x148 Src/main.o
 .debug_frame   0x000000000000249c      0x17c Src/stm32l1xx_hal_msp.o
 .debug_frame   0x0000000000002618       0xc0 Src/stm32l1xx_it.o
 .debug_frame   0x00000000000026d8       0x30 Src/system_stm32l1xx.o
 .debug_frame   0x0000000000002708       0x2c /Applications/Ac6/SystemWorkbench.app/Contents/Eclipse/plugins/fr.ac6.mcu.externaltools.arm-none.macos64_1.13.1.201703061524/tools/compiler/bin/../lib/gcc/arm-none-eabi/5.4.1/../../../../arm-none-eabi/lib/armv7-m/libc_nano.a(lib_a-init.o)
