Archive member included to satisfy reference by file (symbol)

/Applications/Ac6/SystemWorkbench.app/Contents/Eclipse/plugins/fr.ac6.mcu.externaltools.arm-none.macos64_1.13.1.201703061524/tools/compiler/bin/../lib/gcc/arm-none-eabi/5.4.1/../../../../arm-none-eabi/lib/armv7-m/libc_nano.a(lib_a-exit.o)
                              /Applications/Ac6/SystemWorkbench.app/Contents/Eclipse/plugins/fr.ac6.mcu.externaltools.arm-none.macos64_1.13.1.201703061524/tools/compiler/bin/../lib/gcc/arm-none-eabi/5.4.1/../../../../arm-none-eabi/lib/armv7-m/crt0.o (exit)
/Applications/Ac6/SystemWorkbench.app/Contents/Eclipse/plugins/fr.ac6.mcu.externaltools.arm-none.macos64_1.13.1.201703061524/tools/compiler/bin/../lib/gcc/arm-none-eabi/5.4.1/../../../../arm-none-eabi/lib/armv7-m/libc_nano.a(lib_a-impure.o)
                              /Applications/Ac6/SystemWorkbench.app/Contents/Eclipse/plugins/fr.ac6.mcu.externaltools.arm-none.macos64_1.13.1.201703061524/tools/compiler/bin/../lib/gcc/arm-none-eabi/5.4.1/../../../../arm-none-eabi/lib/armv7-m/libc_nano.a(lib_a-exit.o) (_global_impure_ptr)
/Applications/Ac6/SystemWorkbench.app/Contents/Eclipse/plugins/fr.ac6.mcu.externaltools.arm-none.macos64_1.13.1.201703061524/tools/compiler/bin/../lib/gcc/arm-none-eabi/5.4.1/../../../../arm-none-eabi/lib/armv7-m/libc_nano.a(lib_a-init.o)
                              /Applications/Ac6/SystemWorkbench.app/Contents/Eclipse/plugins/fr.ac6.mcu.externaltools.arm-none.macos64_1.13.1.201703061524/tools/compiler/bin/../lib/gcc/arm-none-eabi/5.4.1/../../../../arm-none-eabi/lib/armv7-m/crt0.o (__libc_init_array)
/Applications/Ac6/SystemWorkbench.app/Contents/Eclipse/plugins/fr.ac6.mcu.externaltools.arm-none.macos64_1.13.1.201703061524/tools/compiler/bin/../lib/gcc/arm-none-eabi/5.4.1/../../../../arm-none-eabi/lib/armv7-m/libc_nano.a(lib_a-memset.o)
                              /Applications/Ac6/SystemWorkbench.app/Contents/Eclipse/plugins/fr.ac6.mcu.externaltools.arm-none.macos64_1.13.1.201703061524/tools/compiler/bin/../lib/gcc/arm-none-eabi/5.4.1/../../../../arm-none-eabi/lib/armv7-m/crt0.o (memset)
/Applications/Ac6/SystemWorkbench.app/Contents/Eclipse/plugins/fr.ac6.mcu.externaltools.arm-none.macos64_1.13.1.201703061524/tools/compiler/bin/../lib/gcc/arm-none-eabi/5.4.1/../../../../arm-none-eabi/lib/armv7-m/libnosys.a(_exit.o)
                              /Applications/Ac6/SystemWorkbench.app/Contents/Eclipse/plugins/fr.ac6.mcu.externaltools.arm-none.macos64_1.13.1.201703061524/tools/compiler/bin/../lib/gcc/arm-none-eabi/5.4.1/../../../../arm-none-eabi/lib/armv7-m/libc_nano.a(lib_a-exit.o) (_exit)

Allocating common symbols
Common symbol       size              file

retSD               0x1               Src/fatfs.o
uwTick              0x4               Drivers/STM32L1xx_HAL_Driver/Src/stm32l1xx_hal.o
pFlash              0x18              Drivers/STM32L1xx_HAL_Driver/Src/stm32l1xx_hal_flash.o
SDCardInfo          0x58              Src/main.o
SD_Path             0x4               Src/fatfs.o
hsd                 0x60              Src/main.o
hlcd                0x3c              Src/main.o
huart2              0x40              Src/main.o
hadc                0x54              Src/main.o

Discarded input sections

 .text          0x0000000000000000        0x0 /Applications/Ac6/SystemWorkbench.app/Contents/Eclipse/plugins/fr.ac6.mcu.externaltools.arm-none.macos64_1.13.1.201703061524/tools/compiler/bin/../lib/gcc/arm-none-eabi/5.4.1/armv7-m/crti.o
 .data          0x0000000000000000        0x0 /Applications/Ac6/SystemWorkbench.app/Contents/Eclipse/plugins/fr.ac6.mcu.externaltools.arm-none.macos64_1.13.1.201703061524/tools/compiler/bin/../lib/gcc/arm-none-eabi/5.4.1/armv7-m/crti.o
 .bss           0x0000000000000000        0x0 /Applications/Ac6/SystemWorkbench.app/Contents/Eclipse/plugins/fr.ac6.mcu.externaltools.arm-none.macos64_1.13.1.201703061524/tools/compiler/bin/../lib/gcc/arm-none-eabi/5.4.1/armv7-m/crti.o
 .data          0x0000000000000000        0x4 /Applications/Ac6/SystemWorkbench.app/Contents/Eclipse/plugins/fr.ac6.mcu.externaltools.arm-none.macos64_1.13.1.201703061524/tools/compiler/bin/../lib/gcc/arm-none-eabi/5.4.1/armv7-m/crtbegin.o
 .text          0x0000000000000000       0x74 /Applications/Ac6/SystemWorkbench.app/Contents/Eclipse/plugins/fr.ac6.mcu.externaltools.arm-none.macos64_1.13.1.201703061524/tools/compiler/bin/../lib/gcc/arm-none-eabi/5.4.1/../../../../arm-none-eabi/lib/armv7-m/crt0.o
 .data          0x0000000000000000        0x0 /Applications/Ac6/SystemWorkbench.app/Contents/Eclipse/plugins/fr.ac6.mcu.externaltools.arm-none.macos64_1.13.1.201703061524/tools/compiler/bin/../lib/gcc/arm-none-eabi/5.4.1/../../../../arm-none-eabi/lib/armv7-m/crt0.o
 .bss           0x0000000000000000        0x0 /Applications/Ac6/SystemWorkbench.app/Contents/Eclipse/plugins/fr.ac6.mcu.externaltools.arm-none.macos64_1.13.1.201703061524/tools/compiler/bin/../lib/gcc/arm-none-eabi/5.4.1/../../../../arm-none-eabi/lib/armv7-m/crt0.o
[...]
Memory Configuration

Name             Origin             Length             Attributes
RAM              0x0000000020000000 0x000000000000c000 xrw
FLASH            0x0000000008000000 0x0000000000060000 xr
*default*        0x0000000000000000 0xffffffffffffffff

Linker script and memory map

LOAD /Applications/Ac6/SystemWorkbench.app/Contents/Eclipse/plugins/fr.ac6.mcu.externaltools.arm-none.macos64_1.13.1.201703061524/tools/compiler/bin/../lib/gcc/arm-none-eabi/5.4.1/armv7-m/crti.o
LOAD /Applications/Ac6/SystemWorkbench.app/Contents/Eclipse/plugins/fr.ac6.mcu.externaltools.arm-none.macos64_1.13.1.201703061524/tools/compiler/bin/../lib/gcc/arm-none-eabi/5.4.1/armv7-m/crtbegin.o
LOAD /Applications/Ac6/SystemWorkbench.app/Contents/Eclipse/plugins/fr.ac6.mcu.externaltools.arm-none.macos64_1.13.1.201703061524/tools/compiler/bin/../lib/gcc/arm-none-eabi/5.4.1/../../../../arm-none-eabi/lib/armv7-m/crt0.o
LOAD /Applications/Ac6/SystemWorkbench.app/Contents/Eclipse/plugins/fr.ac6.mcu.externaltools.arm-none.macos64_1.13.1.201703061524/tools/compiler/bin/../lib/gcc/arm-none-eabi/5.4.1/../../../../arm-none-eabi/lib/armv7-m/libm.a
LOAD Drivers/STM32L1xx_HAL_Driver/Src/stm32l1xx_hal.o
LOAD Drivers/STM32L1xx_HAL_Driver/Src/stm32l1xx_hal_adc.o
LOAD Drivers/STM32L1xx_HAL_Driver/Src/stm32l1xx_hal_adc_ex.o
LOAD Drivers/STM32L1xx_HAL_Driver/Src/stm32l1xx_hal_cortex.o
LOAD Drivers/STM32L1xx_HAL_Driver/Src/stm32l1xx_hal_dma.o
LOAD Drivers/STM32L1xx_HAL_Driver/Src/stm32l1xx_hal_flash.o
LOAD Drivers/STM32L1xx_HAL_Driver/Src/stm32l1xx_hal_flash_ex.o
LOAD Drivers/STM32L1xx_HAL_Driver/Src/stm32l1xx_hal_flash_ramfunc.o
LOAD Drivers/STM32L1xx_HAL_Driver/Src/stm32l1xx_hal_gpio.o
LOAD Drivers/STM32L1xx_HAL_Driver/Src/stm32l1xx_hal_lcd.o
LOAD Drivers/STM32L1xx_HAL_Driver/Src/stm32l1xx_hal_pwr.o
LOAD Drivers/STM32L1xx_HAL_Driver/Src/stm32l1xx_hal_pwr_ex.o
LOAD Drivers/STM32L1xx_HAL_Driver/Src/stm32l1xx_hal_rcc.o
LOAD Drivers/STM32L1xx_HAL_Driver/Src/stm32l1xx_hal_rcc_ex.o
LOAD Drivers/STM32L1xx_HAL_Driver/Src/stm32l1xx_hal_sd.o
LOAD Drivers/STM32L1xx_HAL_Driver/Src/stm32l1xx_hal_tim.o
LOAD Drivers/STM32L1xx_HAL_Driver/Src/stm32l1xx_hal_tim_ex.o
LOAD Drivers/STM32L1xx_HAL_Driver/Src/stm32l1xx_hal_uart.o
LOAD Drivers/STM32L1xx_HAL_Driver/Src/stm32l1xx_ll_sdmmc.o
LOAD Middlewares/Third_Party/FatFs/src/diskio.o
LOAD Middlewares/Third_Party/FatFs/src/ff.o
LOAD Middlewares/Third_Party/FatFs/src/ff_gen_drv.o
LOAD Middlewares/Third_Party/FatFs/src/drivers/sd_diskio.o
LOAD Middlewares/Third_Party/FatFs/src/option/syscall.o
LOAD Src/bsp_driver_sd.o
LOAD Src/fatfs.o
LOAD Src/main.o
LOAD Src/stm32l1xx_hal_msp.o
LOAD Src/stm32l1xx_it.o
LOAD Src/system_stm32l1xx.o
LOAD startup/startup_stm32l152xd.o
START GROUP
LOAD /Applications/Ac6/SystemWorkbench.app/Contents/Eclipse/plugins/fr.ac6.mcu.externaltools.arm-none.macos64_1.13.1.201703061524/tools/compiler/bin/../lib/gcc/arm-none-eabi/5.4.1/armv7-m/libgcc.a
LOAD /Applications/Ac6/SystemWorkbench.app/Contents/Eclipse/plugins/fr.ac6.mcu.externaltools.arm-none.macos64_1.13.1.201703061524/tools/compiler/bin/../lib/gcc/arm-none-eabi/5.4.1/../../../../arm-none-eabi/lib/armv7-m/libc_nano.a
END GROUP
START GROUP
LOAD /Applications/Ac6/SystemWorkbench.app/Contents/Eclipse/plugins/fr.ac6.mcu.externaltools.arm-none.macos64_1.13.1.201703061524/tools/compiler/bin/../lib/gcc/arm-none-eabi/5.4.1/armv7-m/libgcc.a
LOAD /Applications/Ac6/SystemWorkbench.app/Contents/Eclipse/plugins/fr.ac6.mcu.externaltools.arm-none.macos64_1.13.1.201703061524/tools/compiler/bin/../lib/gcc/arm-none-eabi/5.4.1/../../../../arm-none-eabi/lib/armv7-m/libc_nano.a
LOAD /Applications/Ac6/SystemWorkbench.app/Contents/Eclipse/plugins/fr.ac6.mcu.externaltools.arm-none.macos64_1.13.1.201703061524/tools/compiler/bin/../lib/gcc/arm-none-eabi/5.4.1/../../../../arm-none-eabi/lib/armv7-m/libnosys.a
END GROUP
START GROUP
LOAD /Applications/Ac6/SystemWorkbench.app/Contents/Eclipse/plugins/fr.ac6.mcu.externaltools.arm-none.macos64_1.13.1.201703061524/tools/compiler/bin/../lib/gcc/arm-none-eabi/5.4.1/armv7-m/libgcc.a
LOAD /Applications/Ac6/SystemWorkbench.app/Contents/Eclipse/plugins/fr.ac6.mcu.externaltools.arm-none.macos64_1.13.1.201703061524/tools/compiler/bin/../lib/gcc/arm-none-eabi/5.4.1/../../../../arm-none-eabi/lib/armv7-m/libc_nano.a
LOAD /Applications/Ac6/SystemWorkbench.app/Contents/Eclipse/plugins/fr.ac6.mcu.externaltools.arm-none.macos64_1.13.1.201703061524/tools/compiler/bin/../lib/gcc/arm-none-eabi/5.4.1/../../../../arm-none-eabi/lib/armv7-m/libnosys.a
END GROUP
LOAD /Applications/Ac6/SystemWorkbench.app/Contents/Eclipse/plugins/fr.ac6.mcu.externaltools.arm-none.macos64_1.13.1.201703061524/tools/compiler/bin/../lib/gcc/arm-none-eabi/5.4.1/armv7-m/crtend.o
LOAD /Applications/Ac6/SystemWorkbench.app/Contents/Eclipse/plugins/fr.ac6.mcu.externaltools.arm-none.macos64_1.13.1.201703061524/tools/compiler/bin/../lib/gcc/arm-none-eabi/5.4.1/armv7-m/crtn.o
                0x000000002000c000                _estack = 0x2000c000
                0x0000000000000200                _Min_Heap_Size = 0x200
                0x0000000000000400                _Min_Stack_Size = 0x400

.isr_vector     0x0000000008000000      0x13c
                0x0000000008000000                . = ALIGN (0x4)
 *(.isr_vector)
 .isr_vector    0x0000000008000000      0x13c startup/startup_stm32l152xd.o
                0x0000000008000000                g_pfnVectors
                0x000000000800013c                . = ALIGN (0x4)

.text           0x000000000800013c     0x2f54
                0x000000000800013c                . = ALIGN (0x4)
 *(.text)
 .text          0x000000000800013c       0x5c /Applications/Ac6/SystemWorkbench.app/Contents/Eclipse/plugins/fr.ac6.mcu.externaltools.arm-none.macos64_1.13.1.201703061524/tools/compiler/bin/../lib/gcc/arm-none-eabi/5.4.1/armv7-m/crtbegin.o
 *(.text*)
 .text.HAL_InitTick
                0x0000000008000198       0x2c Drivers/STM32L1xx_HAL_Driver/Src/stm32l1xx_hal.o
                0x0000000008000198                HAL_InitTick
 .text.HAL_Init
                0x00000000080001c4       0x18 Drivers/STM32L1xx_HAL_Driver/Src/stm32l1xx_hal.o
                0x00000000080001c4                HAL_Init
 .text.HAL_IncTick
                0x00000000080001dc       0x10 Drivers/STM32L1xx_HAL_Driver/Src/stm32l1xx_hal.o
                0x00000000080001dc                HAL_IncTick
 .text.HAL_GetTick
                0x00000000080001ec        0xc Drivers/STM32L1xx_HAL_Driver/Src/stm32l1xx_hal.o
                0x00000000080001ec                HAL_GetTick
 .text.HAL_Delay
                0x00000000080001f8       0x1c Drivers/STM32L1xx_HAL_Driver/Src/stm32l1xx_hal.o
                0x00000000080001f8                HAL_Delay
 .text.HAL_ADC_Init
                0x0000000008000214      0x190 Drivers/STM32L1xx_HAL_Driver/Src/stm32l1xx_hal_adc.o
                0x0000000008000214                HAL_ADC_Init
 .text.HAL_ADC_ConfigChannel
                0x00000000080003a4      0x1a8 Drivers/STM32L1xx_HAL_Driver/Src/stm32l1xx_hal_adc.o
                0x00000000080003a4                HAL_ADC_ConfigChannel
 .text.HAL_NVIC_SetPriorityGrouping
                0x000000000800054c       0x24 Drivers/STM32L1xx_HAL_Driver/Src/stm32l1xx_hal_cortex.o
                0x000000000800054c                HAL_NVIC_SetPriorityGrouping
 .text.HAL_NVIC_SetPriority
                0x0000000008000570       0x64 Drivers/STM32L1xx_HAL_Driver/Src/stm32l1xx_hal_cortex.o
                0x0000000008000570                HAL_NVIC_SetPriority
 .text.HAL_SYSTICK_Config
                0x00000000080005d4       0x2c Drivers/STM32L1xx_HAL_Driver/Src/stm32l1xx_hal_cortex.o
                0x00000000080005d4                HAL_SYSTICK_Config
 .text.HAL_SYSTICK_CLKSourceConfig
                0x0000000008000600       0x20 Drivers/STM32L1xx_HAL_Driver/Src/stm32l1xx_hal_cortex.o
                0x0000000008000600                HAL_SYSTICK_CLKSourceConfig
 .text.HAL_SYSTICK_Callback
                0x0000000008000620        0x4 Drivers/STM32L1xx_HAL_Driver/Src/stm32l1xx_hal_cortex.o
                0x0000000008000620                HAL_SYSTICK_Callback
 .text.HAL_SYSTICK_IRQHandler
                0x0000000008000624        0x8 Drivers/STM32L1xx_HAL_Driver/Src/stm32l1xx_hal_cortex.o
                0x0000000008000624                HAL_SYSTICK_IRQHandler
 .text.HAL_GPIO_Init
                0x000000000800062c      0x1ac Drivers/STM32L1xx_HAL_Driver/Src/stm32l1xx_hal_gpio.o
                0x000000000800062c                HAL_GPIO_Init
 .text.LCD_WaitForSynchro
                0x00000000080007d8       0x30 Drivers/STM32L1xx_HAL_Driver/Src/stm32l1xx_hal_lcd.o
                0x00000000080007d8                LCD_WaitForSynchro
 .text.HAL_LCD_Init
                0x0000000008000808      0x104 Drivers/STM32L1xx_HAL_Driver/Src/stm32l1xx_hal_lcd.o
                0x0000000008000808                HAL_LCD_Init
 .text.HAL_PWREx_GetVoltageRange
                0x000000000800090c       0x10 Drivers/STM32L1xx_HAL_Driver/Src/stm32l1xx_hal_pwr_ex.o
                0x000000000800090c                HAL_PWREx_GetVoltageRange
 .text.RCC_SetFlashLatencyFromMSIRange
                0x000000000800091c       0x90 Drivers/STM32L1xx_HAL_Driver/Src/stm32l1xx_hal_rcc.o
 .text.HAL_RCC_OscConfig
                0x00000000080009ac      0x79c Drivers/STM32L1xx_HAL_Driver/Src/stm32l1xx_hal_rcc.o
                0x00000000080009ac                HAL_RCC_OscConfig
 .text.HAL_RCC_GetSysClockFreq
                0x0000000008001148       0xa0 Drivers/STM32L1xx_HAL_Driver/Src/stm32l1xx_hal_rcc.o
                0x0000000008001148                HAL_RCC_GetSysClockFreq
 .text.HAL_RCC_ClockConfig
                0x00000000080011e8      0x25c Drivers/STM32L1xx_HAL_Driver/Src/stm32l1xx_hal_rcc.o
                0x00000000080011e8                HAL_RCC_ClockConfig
 .text.HAL_RCC_GetHCLKFreq
                0x0000000008001444        0xc Drivers/STM32L1xx_HAL_Driver/Src/stm32l1xx_hal_rcc.o
                0x0000000008001444                HAL_RCC_GetHCLKFreq
 .text.HAL_RCC_GetPCLK1Freq
                0x0000000008001450       0x30 Drivers/STM32L1xx_HAL_Driver/Src/stm32l1xx_hal_rcc.o
                0x0000000008001450                HAL_RCC_GetPCLK1Freq
 .text.HAL_RCC_GetPCLK2Freq
                0x0000000008001480       0x30 Drivers/STM32L1xx_HAL_Driver/Src/stm32l1xx_hal_rcc.o
                0x0000000008001480                HAL_RCC_GetPCLK2Freq
 .text.HAL_RCCEx_PeriphCLKConfig
                0x00000000080014b0      0x188 Drivers/STM32L1xx_HAL_Driver/Src/stm32l1xx_hal_rcc_ex.o
                0x00000000080014b0                HAL_RCCEx_PeriphCLKConfig
 .text.SD_CmdError
                0x0000000008001638       0x2c Drivers/STM32L1xx_HAL_Driver/Src/stm32l1xx_hal_sd.o
 .text.SD_CmdResp7Error
                0x0000000008001664       0x50 Drivers/STM32L1xx_HAL_Driver/Src/stm32l1xx_hal_sd.o
 .text.SD_CmdResp3Error
                0x00000000080016b4       0x24 Drivers/STM32L1xx_HAL_Driver/Src/stm32l1xx_hal_sd.o
 .text.SD_CmdResp2Error
                0x00000000080016d8       0x34 Drivers/STM32L1xx_HAL_Driver/Src/stm32l1xx_hal_sd.o
 .text.SD_CmdResp1Error
                0x000000000800170c      0x118 Drivers/STM32L1xx_HAL_Driver/Src/stm32l1xx_hal_sd.o
 .text.SD_PowerON
                0x0000000008001824      0x178 Drivers/STM32L1xx_HAL_Driver/Src/stm32l1xx_hal_sd.o
 .text.SD_Select_Deselect
                0x000000000800199c       0x30 Drivers/STM32L1xx_HAL_Driver/Src/stm32l1xx_hal_sd.o
 .text.SD_SendStatus
                0x00000000080019cc       0x48 Drivers/STM32L1xx_HAL_Driver/Src/stm32l1xx_hal_sd.o
 .text.SD_GetState
                0x0000000008001a14       0x24 Drivers/STM32L1xx_HAL_Driver/Src/stm32l1xx_hal_sd.o
 .text.SD_CmdResp6Error
                0x0000000008001a38       0x7c Drivers/STM32L1xx_HAL_Driver/Src/stm32l1xx_hal_sd.o
 .text.SD_IsCardProgramming
                0x0000000008001ab4      0x174 Drivers/STM32L1xx_HAL_Driver/Src/stm32l1xx_hal_sd.o
 .text.SD_Initialize_Cards
                0x0000000008001c28       0xf0 Drivers/STM32L1xx_HAL_Driver/Src/stm32l1xx_hal_sd.o
 .text.HAL_SD_Get_CardInfo
                0x0000000008001d18      0x2b4 Drivers/STM32L1xx_HAL_Driver/Src/stm32l1xx_hal_sd.o
                0x0000000008001d18                HAL_SD_Get_CardInfo
 .text.HAL_SD_Init
                0x0000000008001fcc       0xb8 Drivers/STM32L1xx_HAL_Driver/Src/stm32l1xx_hal_sd.o
                0x0000000008001fcc                HAL_SD_Init
 .text.HAL_SD_StopTransfer
                0x0000000008002084       0x30 Drivers/STM32L1xx_HAL_Driver/Src/stm32l1xx_hal_sd.o
                0x0000000008002084                HAL_SD_StopTransfer
 .text.HAL_SD_ReadBlocks
                0x00000000080020b4      0x1b0 Drivers/STM32L1xx_HAL_Driver/Src/stm32l1xx_hal_sd.o
                0x00000000080020b4                HAL_SD_ReadBlocks
 .text.HAL_SD_WriteBlocks
                0x0000000008002264      0x234 Drivers/STM32L1xx_HAL_Driver/Src/stm32l1xx_hal_sd.o
                0x0000000008002264                HAL_SD_WriteBlocks
 .text.HAL_SD_GetStatus
                0x0000000008002498       0x1c Drivers/STM32L1xx_HAL_Driver/Src/stm32l1xx_hal_sd.o
                0x0000000008002498                HAL_SD_GetStatus
 .text.UART_SetConfig
                0x00000000080024b4      0x314 Drivers/STM32L1xx_HAL_Driver/Src/stm32l1xx_hal_uart.o
 .text.HAL_UART_Init
                0x00000000080027c8       0x60 Drivers/STM32L1xx_HAL_Driver/Src/stm32l1xx_hal_uart.o
                0x00000000080027c8                HAL_UART_Init
 .text.SDIO_Init
                0x0000000008002828       0x34 Drivers/STM32L1xx_HAL_Driver/Src/stm32l1xx_ll_sdmmc.o
                0x0000000008002828                SDIO_Init
 .text.SDIO_ReadFIFO
                0x000000000800285c        0x8 Drivers/STM32L1xx_HAL_Driver/Src/stm32l1xx_ll_sdmmc.o
                0x000000000800285c                SDIO_ReadFIFO
 .text.SDIO_WriteFIFO
                0x0000000008002864        0xc Drivers/STM32L1xx_HAL_Driver/Src/stm32l1xx_ll_sdmmc.o
                0x0000000008002864                SDIO_WriteFIFO
 .text.SDIO_PowerState_ON
                0x0000000008002870        0x8 Drivers/STM32L1xx_HAL_Driver/Src/stm32l1xx_ll_sdmmc.o
                0x0000000008002870                SDIO_PowerState_ON
 .text.SDIO_GetPowerState
                0x0000000008002878        0x8 Drivers/STM32L1xx_HAL_Driver/Src/stm32l1xx_ll_sdmmc.o
                0x0000000008002878                SDIO_GetPowerState
 .text.SDIO_SendCommand
                0x0000000008002880       0x28 Drivers/STM32L1xx_HAL_Driver/Src/stm32l1xx_ll_sdmmc.o
                0x0000000008002880                SDIO_SendCommand
 .text.SDIO_GetCommandResponse
                0x00000000080028a8        0x8 Drivers/STM32L1xx_HAL_Driver/Src/stm32l1xx_ll_sdmmc.o
                0x00000000080028a8                SDIO_GetCommandResponse
 .text.SDIO_GetResponse
                0x00000000080028b0       0x18 Drivers/STM32L1xx_HAL_Driver/Src/stm32l1xx_ll_sdmmc.o
                0x00000000080028b0                SDIO_GetResponse
 .text.SDIO_DataConfig
                0x00000000080028c8       0x24 Drivers/STM32L1xx_HAL_Driver/Src/stm32l1xx_ll_sdmmc.o
                0x00000000080028c8                SDIO_DataConfig
 .text.FATFS_LinkDriverEx
                0x00000000080028ec       0x4c Middlewares/Third_Party/FatFs/src/ff_gen_drv.o
                0x00000000080028ec                FATFS_LinkDriverEx
 .text.FATFS_LinkDriver
                0x0000000008002938        0xc Middlewares/Third_Party/FatFs/src/ff_gen_drv.o
                0x0000000008002938                FATFS_LinkDriver
 .text.SD_initialize
                0x0000000008002944       0x24 Middlewares/Third_Party/FatFs/src/drivers/sd_diskio.o
                0x0000000008002944                SD_initialize
 .text.SD_status
                0x0000000008002968       0x24 Middlewares/Third_Party/FatFs/src/drivers/sd_diskio.o
                0x0000000008002968                SD_status
 .text.SD_read  0x000000000800298c       0x20 Middlewares/Third_Party/FatFs/src/drivers/sd_diskio.o
                0x000000000800298c                SD_read
 .text.SD_write
                0x00000000080029ac       0x20 Middlewares/Third_Party/FatFs/src/drivers/sd_diskio.o
                0x00000000080029ac                SD_write
 .text.SD_ioctl
                0x00000000080029cc       0x5c Middlewares/Third_Party/FatFs/src/drivers/sd_diskio.o
                0x00000000080029cc                SD_ioctl
 .text.BSP_SD_ReadBlocks
                0x0000000008002a28       0x28 Src/bsp_driver_sd.o
                0x0000000008002a28                BSP_SD_ReadBlocks
 .text.BSP_SD_WriteBlocks
                0x0000000008002a50       0x28 Src/bsp_driver_sd.o
                0x0000000008002a50                BSP_SD_WriteBlocks
 .text.BSP_SD_GetStatus
                0x0000000008002a78       0x10 Src/bsp_driver_sd.o
                0x0000000008002a78                BSP_SD_GetStatus
 .text.BSP_SD_GetCardInfo
                0x0000000008002a88       0x10 Src/bsp_driver_sd.o
                0x0000000008002a88                BSP_SD_GetCardInfo
 .text.BSP_SD_IsDetected
                0x0000000008002a98       0x10 Src/bsp_driver_sd.o
                0x0000000008002a98                BSP_SD_IsDetected
 .text.BSP_SD_Init
                0x0000000008002aa8       0x20 Src/bsp_driver_sd.o
                0x0000000008002aa8                BSP_SD_Init
 .text.MX_FATFS_Init
                0x0000000008002ac8       0x1c Src/fatfs.o
                0x0000000008002ac8                MX_FATFS_Init
 .text.MX_SDIO_SD_Init
                0x0000000008002ae4       0x20 Src/main.o
 .text.MX_GPIO_Init
                0x0000000008002b04       0x78 Src/main.o
 .text.Error_Handler
                0x0000000008002b7c        0x4 Src/main.o
                0x0000000008002b7c                Error_Handler
 .text.MX_ADC_Init
                0x0000000008002b80       0x60 Src/main.o
 .text.MX_LCD_Init
                0x0000000008002be0       0x38 Src/main.o
 .text.MX_USART2_UART_Init
                0x0000000008002c18       0x34 Src/main.o
 .text.SystemClock_Config
                0x0000000008002c4c       0xa8 Src/main.o
                0x0000000008002c4c                SystemClock_Config
 .text.main     0x0000000008002cf4       0x24 Src/main.o
                0x0000000008002cf4                main
 .text.HAL_MspInit
                0x0000000008002d18       0xa0 Src/stm32l1xx_hal_msp.o
                0x0000000008002d18                HAL_MspInit
 .text.HAL_ADC_MspInit
                0x0000000008002db8       0x48 Src/stm32l1xx_hal_msp.o
                0x0000000008002db8                HAL_ADC_MspInit
 .text.HAL_LCD_MspInit
                0x0000000008002e00       0xb4 Src/stm32l1xx_hal_msp.o
                0x0000000008002e00                HAL_LCD_MspInit
 .text.HAL_SD_MspInit
                0x0000000008002eb4       0x68 Src/stm32l1xx_hal_msp.o
                0x0000000008002eb4                HAL_SD_MspInit
 .text.HAL_UART_MspInit
                0x0000000008002f1c       0x50 Src/stm32l1xx_hal_msp.o
                0x0000000008002f1c                HAL_UART_MspInit
 .text.NMI_Handler
                0x0000000008002f6c        0x4 Src/stm32l1xx_it.o
                0x0000000008002f6c                NMI_Handler
 .text.HardFault_Handler
                0x0000000008002f70        0x4 Src/stm32l1xx_it.o
                0x0000000008002f70                HardFault_Handler
 .text.MemManage_Handler
                0x0000000008002f74        0x4 Src/stm32l1xx_it.o
                0x0000000008002f74                MemManage_Handler
 .text.BusFault_Handler
                0x0000000008002f78        0x4 Src/stm32l1xx_it.o
                0x0000000008002f78                BusFault_Handler
 .text.UsageFault_Handler
                0x0000000008002f7c        0x4 Src/stm32l1xx_it.o
                0x0000000008002f7c                UsageFault_Handler
 .text.SVC_Handler
                0x0000000008002f80        0x4 Src/stm32l1xx_it.o
                0x0000000008002f80                SVC_Handler
 .text.DebugMon_Handler
                0x0000000008002f84        0x4 Src/stm32l1xx_it.o
                0x0000000008002f84                DebugMon_Handler
 .text.PendSV_Handler
                0x0000000008002f88        0x4 Src/stm32l1xx_it.o
                0x0000000008002f88                PendSV_Handler
 .text.SysTick_Handler
                0x0000000008002f8c        0xc Src/stm32l1xx_it.o
                0x0000000008002f8c                SysTick_Handler
 .text.SystemInit
                0x0000000008002f98       0x48 Src/system_stm32l1xx.o
                0x0000000008002f98                SystemInit
 .text.Reset_Handler
                0x0000000008002fe0       0x48 startup/startup_stm32l152xd.o
                0x0000000008002fe0                Reset_Handler
 .text.Default_Handler
                0x0000000008003028        0x2 startup/startup_stm32l152xd.o
                0x0000000008003028                DMA2_Channel3_IRQHandler
                0x0000000008003028                EXTI2_IRQHandler
                0x0000000008003028                COMP_ACQ_IRQHandler
                0x0000000008003028                TIM10_IRQHandler
                0x0000000008003028                USB_HP_IRQHandler
                0x0000000008003028                TIM6_IRQHandler
                0x0000000008003028                PVD_IRQHandler
                0x0000000008003028                SDIO_IRQHandler
                0x0000000008003028                EXTI3_IRQHandler
                0x0000000008003028                EXTI0_IRQHandler
                0x0000000008003028                I2C2_EV_IRQHandler
                0x0000000008003028                SPI1_IRQHandler
                0x0000000008003028                USB_FS_WKUP_IRQHandler
                0x0000000008003028                DMA2_Channel2_IRQHandler
                0x0000000008003028                DMA1_Channel4_IRQHandler
                0x0000000008003028                ADC1_IRQHandler
                0x0000000008003028                USART3_IRQHandler
                0x0000000008003028                DMA1_Channel7_IRQHandler
                0x0000000008003028                LCD_IRQHandler
                0x0000000008003028                UART5_IRQHandler
                0x0000000008003028                TIM4_IRQHandler
                0x0000000008003028                DMA2_Channel1_IRQHandler
                0x0000000008003028                I2C1_EV_IRQHandler
                0x0000000008003028                DMA1_Channel6_IRQHandler
                0x0000000008003028                UART4_IRQHandler
                0x0000000008003028                DMA2_Channel4_IRQHandler
                0x0000000008003028                TIM3_IRQHandler
                0x0000000008003028                RCC_IRQHandler
                0x0000000008003028                DMA1_Channel1_IRQHandler
                0x0000000008003028                Default_Handler
                0x0000000008003028                EXTI15_10_IRQHandler
                0x0000000008003028                TIM7_IRQHandler
                0x0000000008003028                TIM5_IRQHandler
                0x0000000008003028                EXTI9_5_IRQHandler
                0x0000000008003028                TIM9_IRQHandler
                0x0000000008003028                TAMPER_STAMP_IRQHandler
                0x0000000008003028                RTC_WKUP_IRQHandler
                0x0000000008003028                SPI2_IRQHandler
                0x0000000008003028                DMA2_Channel5_IRQHandler
                0x0000000008003028                DMA1_Channel5_IRQHandler
                0x0000000008003028                USB_LP_IRQHandler
                0x0000000008003028                EXTI4_IRQHandler
                0x0000000008003028                DMA1_Channel3_IRQHandler
                0x0000000008003028                COMP_IRQHandler
                0x0000000008003028                WWDG_IRQHandler
                0x0000000008003028                TIM2_IRQHandler
                0x0000000008003028                DAC_IRQHandler
                0x0000000008003028                EXTI1_IRQHandler
                0x0000000008003028                TIM11_IRQHandler
                0x0000000008003028                USART2_IRQHandler
                0x0000000008003028                I2C2_ER_IRQHandler
                0x0000000008003028                DMA1_Channel2_IRQHandler
                0x0000000008003028                FLASH_IRQHandler
                0x0000000008003028                USART1_IRQHandler
                0x0000000008003028                SPI3_IRQHandler
                0x0000000008003028                I2C1_ER_IRQHandler
                0x0000000008003028                RTC_Alarm_IRQHandler
 *fill*         0x000000000800302a        0x2 
 .text.__libc_init_array
                0x000000000800302c       0x4c /Applications/Ac6/SystemWorkbench.app/Contents/Eclipse/plugins/fr.ac6.mcu.externaltools.arm-none.macos64_1.13.1.201703061524/tools/compiler/bin/../lib/gcc/arm-none-eabi/5.4.1/../../../../arm-none-eabi/lib/armv7-m/libc_nano.a(lib_a-init.o)
                0x000000000800302c                __libc_init_array
 *(.glue_7)
 .glue_7        0x0000000008003078        0x0 linker stubs
 *(.glue_7t)
 .glue_7t       0x0000000008003078        0x0 linker stubs
 *(.eh_frame)
 .eh_frame      0x0000000008003078        0x0 /Applications/Ac6/SystemWorkbench.app/Contents/Eclipse/plugins/fr.ac6.mcu.externaltools.arm-none.macos64_1.13.1.201703061524/tools/compiler/bin/../lib/gcc/arm-none-eabi/5.4.1/armv7-m/crtbegin.o
 *(.init)
 .init          0x0000000008003078        0x4 /Applications/Ac6/SystemWorkbench.app/Contents/Eclipse/plugins/fr.ac6.mcu.externaltools.arm-none.macos64_1.13.1.201703061524/tools/compiler/bin/../lib/gcc/arm-none-eabi/5.4.1/armv7-m/crti.o
                0x0000000008003078                _init
 .init          0x000000000800307c        0x8 /Applications/Ac6/SystemWorkbench.app/Contents/Eclipse/plugins/fr.ac6.mcu.externaltools.arm-none.macos64_1.13.1.201703061524/tools/compiler/bin/../lib/gcc/arm-none-eabi/5.4.1/armv7-m/crtn.o
 *(.fini)
 .fini          0x0000000008003084        0x4 /Applications/Ac6/SystemWorkbench.app/Contents/Eclipse/plugins/fr.ac6.mcu.externaltools.arm-none.macos64_1.13.1.201703061524/tools/compiler/bin/../lib/gcc/arm-none-eabi/5.4.1/armv7-m/crti.o
                0x0000000008003084                _fini
 .fini          0x0000000008003088        0x8 /Applications/Ac6/SystemWorkbench.app/Contents/Eclipse/plugins/fr.ac6.mcu.externaltools.arm-none.macos64_1.13.1.201703061524/tools/compiler/bin/../lib/gcc/arm-none-eabi/5.4.1/armv7-m/crtn.o
                0x0000000008003090                . = ALIGN (0x4)
                0x0000000008003090                _etext = .

.vfp11_veneer   0x0000000008003090        0x0
 .vfp11_veneer  0x0000000008003090        0x0 linker stubs

.v4_bx          0x0000000008003090        0x0
 .v4_bx         0x0000000008003090        0x0 linker stubs

.iplt           0x0000000008003090        0x0
 .iplt          0x0000000008003090        0x0 /Applications/Ac6/SystemWorkbench.app/Contents/Eclipse/plugins/fr.ac6.mcu.externaltools.arm-none.macos64_1.13.1.201703061524/tools/compiler/bin/../lib/gcc/arm-none-eabi/5.4.1/armv7-m/crtbegin.o

.rodata         0x0000000008003090       0x38
                0x0000000008003090                . = ALIGN (0x4)
 *(.rodata)
 .rodata        0x0000000008003090       0x14 Middlewares/Third_Party/FatFs/src/drivers/sd_diskio.o
                0x0000000008003090                SD_Driver
 .rodata        0x00000000080030a4       0x24 Src/system_stm32l1xx.o
                0x00000000080030a4                PLLMulTable
                0x00000000080030b0                AHBPrescTable
                0x00000000080030c0                APBPrescTable
 *(.rodata*)
                0x00000000080030c8                . = ALIGN (0x4)

.rel.dyn        0x00000000080030c8        0x0
 .rel.iplt      0x00000000080030c8        0x0 /Applications/Ac6/SystemWorkbench.app/Contents/Eclipse/plugins/fr.ac6.mcu.externaltools.arm-none.macos64_1.13.1.201703061524/tools/compiler/bin/../lib/gcc/arm-none-eabi/5.4.1/armv7-m/crtbegin.o

.ARM.extab
 *(.ARM.extab* .gnu.linkonce.armextab.*)

.ARM            0x00000000080030c8        0x0
                0x00000000080030c8                __exidx_start = .
 *(.ARM.exidx*)
                0x00000000080030c8                __exidx_end = .

.preinit_array  0x00000000080030c8        0x0
                0x00000000080030c8                PROVIDE (__preinit_array_start, .)
 *(.preinit_array*)
                0x00000000080030c8                PROVIDE (__preinit_array_end, .)

.init_array     0x00000000080030c8        0x4
                0x00000000080030c8                PROVIDE (__init_array_start, .)
 *(SORT(.init_array.*))
 *(.init_array*)
 .init_array    0x00000000080030c8        0x4 /Applications/Ac6/SystemWorkbench.app/Contents/Eclipse/plugins/fr.ac6.mcu.externaltools.arm-none.macos64_1.13.1.201703061524/tools/compiler/bin/../lib/gcc/arm-none-eabi/5.4.1/armv7-m/crtbegin.o
                0x00000000080030cc                PROVIDE (__init_array_end, .)

.fini_array     0x00000000080030cc        0x4
                [!provide]                        PROVIDE (__fini_array_start, .)
 *(SORT(.fini_array.*))
 *(.fini_array*)
 .fini_array    0x00000000080030cc        0x4 /Applications/Ac6/SystemWorkbench.app/Contents/Eclipse/plugins/fr.ac6.mcu.externaltools.arm-none.macos64_1.13.1.201703061524/tools/compiler/bin/../lib/gcc/arm-none-eabi/5.4.1/armv7-m/crtbegin.o
                [!provide]                        PROVIDE (__fini_array_end, .)
                0x00000000080030d0                _sidata = LOADADDR (.data)

.data           0x0000000020000000        0x8 load address 0x00000000080030d0
                0x0000000020000000                . = ALIGN (0x4)
                0x0000000020000000                _sdata = .
 *(.data)
 .data          0x0000000020000000        0x1 Middlewares/Third_Party/FatFs/src/drivers/sd_diskio.o
 *fill*         0x0000000020000001        0x3 
 .data          0x0000000020000004        0x4 Src/system_stm32l1xx.o
                0x0000000020000004                SystemCoreClock
 *(.data*)
                0x0000000020000008                . = ALIGN (0x4)
                0x0000000020000008                _edata = .

.jcr            0x0000000020000008        0x0 load address 0x00000000080030d8
 .jcr           0x0000000020000008        0x0 /Applications/Ac6/SystemWorkbench.app/Contents/Eclipse/plugins/fr.ac6.mcu.externaltools.arm-none.macos64_1.13.1.201703061524/tools/compiler/bin/../lib/gcc/arm-none-eabi/5.4.1/armv7-m/crtbegin.o

.igot.plt       0x0000000020000008        0x0 load address 0x00000000080030d8
 .igot.plt      0x0000000020000008        0x0 /Applications/Ac6/SystemWorkbench.app/Contents/Eclipse/plugins/fr.ac6.mcu.externaltools.arm-none.macos64_1.13.1.201703061524/tools/compiler/bin/../lib/gcc/arm-none-eabi/5.4.1/armv7-m/crtbegin.o
                0x0000000020000008                . = ALIGN (0x4)

.bss            0x0000000020000008      0x1c0 load address 0x00000000080030d8
                0x0000000020000008                _sbss = .
                0x0000000020000008                __bss_start__ = _sbss
 *(.bss)
 .bss           0x0000000020000008       0x1c /Applications/Ac6/SystemWorkbench.app/Contents/Eclipse/plugins/fr.ac6.mcu.externaltools.arm-none.macos64_1.13.1.201703061524/tools/compiler/bin/../lib/gcc/arm-none-eabi/5.4.1/armv7-m/crtbegin.o
 .bss           0x0000000020000024        0xc Middlewares/Third_Party/FatFs/src/ff_gen_drv.o
                0x0000000020000024                disk
 *(.bss*)
 *(COMMON)
 COMMON         0x0000000020000030        0x4 Drivers/STM32L1xx_HAL_Driver/Src/stm32l1xx_hal.o
                0x0000000020000030                uwTick
 COMMON         0x0000000020000034        0x8 Src/fatfs.o
                0x0000000020000034                retSD
                0x0000000020000038                SD_Path
 *fill*         0x000000002000003c        0x4 
 COMMON         0x0000000020000040      0x188 Src/main.o
                0x0000000020000040                SDCardInfo
                0x0000000020000098                hsd
                0x00000000200000f8                hlcd
                0x0000000020000134                huart2
                0x0000000020000174                hadc
                0x00000000200001c8                . = ALIGN (0x4)
                0x00000000200001c8                _ebss = .
                0x00000000200001c8                __bss_end__ = _ebss

._user_heap_stack
                0x00000000200001c8      0x600 load address 0x00000000080030d8
                0x00000000200001c8                . = ALIGN (0x8)
                [!provide]                        PROVIDE (end, .)
                [!provide]                        PROVIDE (_end, .)
                0x00000000200003c8                . = (. + _Min_Heap_Size)
 *fill*         0x00000000200001c8      0x200 
                0x00000000200007c8                . = (. + _Min_Stack_Size)
 *fill*         0x00000000200003c8      0x400 
                0x00000000200007c8                . = ALIGN (0x8)

/DISCARD/
 libc.a(*)
 libm.a(*)
 libgcc.a(*)

.ARM.attributes
                0x0000000000000000       0x29
 *(.ARM.attributes)
 .ARM.attributes
                0x0000000000000000       0x1d /Applications/Ac6/SystemWorkbench.app/Contents/Eclipse/plugins/fr.ac6.mcu.externaltools.arm-none.macos64_1.13.1.201703061524/tools/compiler/bin/../lib/gcc/arm-none-eabi/5.4.1/armv7-m/crti.o
 .ARM.attributes
                0x000000000000001d       0x2d /Applications/Ac6/SystemWorkbench.app/Contents/Eclipse/plugins/fr.ac6.mcu.externaltools.arm-none.macos64_1.13.1.201703061524/tools/compiler/bin/../lib/gcc/arm-none-eabi/5.4.1/armv7-m/crtbegin.o
 .ARM.attributes
                0x000000000000004a       0x33 Drivers/STM32L1xx_HAL_Driver/Src/stm32l1xx_hal.o
 .ARM.attributes
                0x000000000000007d       0x33 Drivers/STM32L1xx_HAL_Driver/Src/stm32l1xx_hal_adc.o
 .ARM.attributes
                0x00000000000000b0       0x33 Drivers/STM32L1xx_HAL_Driver/Src/stm32l1xx_hal_cortex.o
 .ARM.attributes
                0x00000000000000e3       0x33 Drivers/STM32L1xx_HAL_Driver/Src/stm32l1xx_hal_gpio.o
 .ARM.attributes
                0x0000000000000116       0x33 Drivers/STM32L1xx_HAL_Driver/Src/stm32l1xx_hal_lcd.o
 .ARM.attributes
                0x0000000000000149       0x33 Drivers/STM32L1xx_HAL_Driver/Src/stm32l1xx_hal_pwr_ex.o
 .ARM.attributes
                0x000000000000017c       0x33 Drivers/STM32L1xx_HAL_Driver/Src/stm32l1xx_hal_rcc.o
 .ARM.attributes
                0x00000000000001af       0x33 Drivers/STM32L1xx_HAL_Driver/Src/stm32l1xx_hal_rcc_ex.o
 .ARM.attributes
                0x00000000000001e2       0x33 Drivers/STM32L1xx_HAL_Driver/Src/stm32l1xx_hal_sd.o
 .ARM.attributes
                0x0000000000000215       0x33 Drivers/STM32L1xx_HAL_Driver/Src/stm32l1xx_hal_uart.o
 .ARM.attributes
                0x0000000000000248       0x33 Drivers/STM32L1xx_HAL_Driver/Src/stm32l1xx_ll_sdmmc.o
 .ARM.attributes
                0x000000000000027b       0x33 Middlewares/Third_Party/FatFs/src/ff_gen_drv.o
 .ARM.attributes
                0x00000000000002ae       0x33 Middlewares/Third_Party/FatFs/src/drivers/sd_diskio.o
 .ARM.attributes
                0x00000000000002e1       0x33 Src/bsp_driver_sd.o
 .ARM.attributes
                0x0000000000000314       0x33 Src/fatfs.o
 .ARM.attributes
                0x0000000000000347       0x33 Src/main.o
 .ARM.attributes
                0x000000000000037a       0x33 Src/stm32l1xx_hal_msp.o
 .ARM.attributes
                0x00000000000003ad       0x33 Src/stm32l1xx_it.o
 .ARM.attributes
                0x00000000000003e0       0x33 Src/system_stm32l1xx.o
 .ARM.attributes
                0x0000000000000413       0x21 startup/startup_stm32l152xd.o
 .ARM.attributes
                0x0000000000000434       0x2d /Applications/Ac6/SystemWorkbench.app/Contents/Eclipse/plugins/fr.ac6.mcu.externaltools.arm-none.macos64_1.13.1.201703061524/tools/compiler/bin/../lib/gcc/arm-none-eabi/5.4.1/../../../../arm-none-eabi/lib/armv7-m/libc_nano.a(lib_a-init.o)
 .ARM.attributes
                0x0000000000000461       0x1d /Applications/Ac6/SystemWorkbench.app/Contents/Eclipse/plugins/fr.ac6.mcu.externaltools.arm-none.macos64_1.13.1.201703061524/tools/compiler/bin/../lib/gcc/arm-none-eabi/5.4.1/armv7-m/crtn.o
OUTPUT(EEVBlog.elf elf32-littlearm)

.debug_info     0x0000000000000000     0xdd99
 .debug_info    0x0000000000000000      0x64b Drivers/STM32L1xx_HAL_Driver/Src/stm32l1xx_hal.o
 .debug_info    0x000000000000064b      0xff4 Drivers/STM32L1xx_HAL_Driver/Src/stm32l1xx_hal_adc.o
 .debug_info    0x000000000000163f      0xe02 Drivers/STM32L1xx_HAL_Driver/Src/stm32l1xx_hal_cortex.o
 .debug_info    0x0000000000002441      0x608 Drivers/STM32L1xx_HAL_Driver/Src/stm32l1xx_hal_gpio.o
 .debug_info    0x0000000000002a49      0x60c Drivers/STM32L1xx_HAL_Driver/Src/stm32l1xx_hal_lcd.o
 .debug_info    0x0000000000003055      0x34e Drivers/STM32L1xx_HAL_Driver/Src/stm32l1xx_hal_pwr_ex.o
 .debug_info    0x00000000000033a3     0x16db Drivers/STM32L1xx_HAL_Driver/Src/stm32l1xx_hal_rcc.o
 .debug_info    0x0000000000004a7e      0x5f6 Drivers/STM32L1xx_HAL_Driver/Src/stm32l1xx_hal_rcc_ex.o
 .debug_info    0x0000000000005074     0x284a Drivers/STM32L1xx_HAL_Driver/Src/stm32l1xx_hal_sd.o
 .debug_info    0x00000000000078be     0x11a2 Drivers/STM32L1xx_HAL_Driver/Src/stm32l1xx_hal_uart.o
 .debug_info    0x0000000000008a60      0x611 Drivers/STM32L1xx_HAL_Driver/Src/stm32l1xx_ll_sdmmc.o
 .debug_info    0x0000000000009071      0x401 Middlewares/Third_Party/FatFs/src/ff_gen_drv.o
 .debug_info    0x0000000000009472      0x75f Middlewares/Third_Party/FatFs/src/drivers/sd_diskio.o
 .debug_info    0x0000000000009bd1      0xe59 Src/bsp_driver_sd.o
 .debug_info    0x000000000000aa2a      0x29f Src/fatfs.o
 .debug_info    0x000000000000acc9     0x168c Src/main.o
 .debug_info    0x000000000000c355     0x140d Src/stm32l1xx_hal_msp.o
 .debug_info    0x000000000000d762      0x174 Src/stm32l1xx_it.o
 .debug_info    0x000000000000d8d6      0x446 Src/system_stm32l1xx.o
 .debug_info    0x000000000000dd1c       0x7d startup/startup_stm32l152xd.o

.debug_abbrev   0x0000000000000000     0x2362
 .debug_abbrev  0x0000000000000000      0x1c1 Drivers/STM32L1xx_HAL_Driver/Src/stm32l1xx_hal.o
 .debug_abbrev  0x00000000000001c1      0x269 Drivers/STM32L1xx_HAL_Driver/Src/stm32l1xx_hal_adc.o
 .debug_abbrev  0x000000000000042a      0x2e2 Drivers/STM32L1xx_HAL_Driver/Src/stm32l1xx_hal_cortex.o
 .debug_abbrev  0x000000000000070c      0x1cd Drivers/STM32L1xx_HAL_Driver/Src/stm32l1xx_hal_gpio.o
 .debug_abbrev  0x00000000000008d9      0x1bf Drivers/STM32L1xx_HAL_Driver/Src/stm32l1xx_hal_lcd.o
 .debug_abbrev  0x0000000000000a98      0x149 Drivers/STM32L1xx_HAL_Driver/Src/stm32l1xx_hal_pwr_ex.o
 .debug_abbrev  0x0000000000000be1      0x2a1 Drivers/STM32L1xx_HAL_Driver/Src/stm32l1xx_hal_rcc.o
 .debug_abbrev  0x0000000000000e82      0x242 Drivers/STM32L1xx_HAL_Driver/Src/stm32l1xx_hal_rcc_ex.o
 .debug_abbrev  0x00000000000010c4      0x269 Drivers/STM32L1xx_HAL_Driver/Src/stm32l1xx_hal_sd.o
 .debug_abbrev  0x000000000000132d      0x228 Drivers/STM32L1xx_HAL_Driver/Src/stm32l1xx_hal_uart.o
 .debug_abbrev  0x0000000000001555      0x181 Drivers/STM32L1xx_HAL_Driver/Src/stm32l1xx_ll_sdmmc.o
 .debug_abbrev  0x00000000000016d6      0x179 Middlewares/Third_Party/FatFs/src/ff_gen_drv.o
 .debug_abbrev  0x000000000000184f      0x15a Middlewares/Third_Party/FatFs/src/drivers/sd_diskio.o
 .debug_abbrev  0x00000000000019a9      0x26f Src/bsp_driver_sd.o
 .debug_abbrev  0x0000000000001c18      0x13f Src/fatfs.o
 .debug_abbrev  0x0000000000001d57      0x25d Src/main.o
 .debug_abbrev  0x0000000000001fb4      0x1dd Src/stm32l1xx_hal_msp.o
 .debug_abbrev  0x0000000000002191       0xbb Src/stm32l1xx_it.o
 .debug_abbrev  0x000000000000224c      0x104 Src/system_stm32l1xx.o
 .debug_abbrev  0x0000000000002350       0x12 startup/startup_stm32l152xd.o

.debug_loc      0x0000000000000000     0x6132
 .debug_loc     0x0000000000000000       0x6a Drivers/STM32L1xx_HAL_Driver/Src/stm32l1xx_hal.o
 .debug_loc     0x000000000000006a      0x875 Drivers/STM32L1xx_HAL_Driver/Src/stm32l1xx_hal_adc.o
 .debug_loc     0x00000000000008df      0x527 Drivers/STM32L1xx_HAL_Driver/Src/stm32l1xx_hal_cortex.o
 .debug_loc     0x0000000000000e06      0x315 Drivers/STM32L1xx_HAL_Driver/Src/stm32l1xx_hal_gpio.o
 .debug_loc     0x000000000000111b      0x3ae Drivers/STM32L1xx_HAL_Driver/Src/stm32l1xx_hal_lcd.o
 .debug_loc     0x00000000000014c9       0xac Drivers/STM32L1xx_HAL_Driver/Src/stm32l1xx_hal_pwr_ex.o
 .debug_loc     0x0000000000001575      0xc24 Drivers/STM32L1xx_HAL_Driver/Src/stm32l1xx_hal_rcc.o
 .debug_loc     0x0000000000002199      0x325 Drivers/STM32L1xx_HAL_Driver/Src/stm32l1xx_hal_rcc_ex.o
 .debug_loc     0x00000000000024be     0x1f0b Drivers/STM32L1xx_HAL_Driver/Src/stm32l1xx_hal_sd.o
 .debug_loc     0x00000000000043c9     0x1009 Drivers/STM32L1xx_HAL_Driver/Src/stm32l1xx_hal_uart.o
 .debug_loc     0x00000000000053d2      0x229 Drivers/STM32L1xx_HAL_Driver/Src/stm32l1xx_ll_sdmmc.o
 .debug_loc     0x00000000000055fb      0x24d Middlewares/Third_Party/FatFs/src/ff_gen_drv.o
 .debug_loc     0x0000000000005848      0x30a Middlewares/Third_Party/FatFs/src/drivers/sd_diskio.o
 .debug_loc     0x0000000000005b52      0x341 Src/bsp_driver_sd.o
 .debug_loc     0x0000000000005e93      0x134 Src/stm32l1xx_hal_msp.o
 .debug_loc     0x0000000000005fc7      0x16b Src/system_stm32l1xx.o

.debug_aranges  0x0000000000000000      0xa20
 .debug_aranges
                0x0000000000000000       0xb0 Drivers/STM32L1xx_HAL_Driver/Src/stm32l1xx_hal.o
 .debug_aranges
                0x00000000000000b0       0xf0 Drivers/STM32L1xx_HAL_Driver/Src/stm32l1xx_hal_adc.o
 .debug_aranges
                0x00000000000001a0       0x98 Drivers/STM32L1xx_HAL_Driver/Src/stm32l1xx_hal_cortex.o
 .debug_aranges
                0x0000000000000238       0x58 Drivers/STM32L1xx_HAL_Driver/Src/stm32l1xx_hal_gpio.o
 .debug_aranges
                0x0000000000000290       0x68 Drivers/STM32L1xx_HAL_Driver/Src/stm32l1xx_hal_lcd.o
 .debug_aranges
                0x00000000000002f8       0x50 Drivers/STM32L1xx_HAL_Driver/Src/stm32l1xx_hal_pwr_ex.o
 .debug_aranges
                0x0000000000000348       0x90 Drivers/STM32L1xx_HAL_Driver/Src/stm32l1xx_hal_rcc.o
 .debug_aranges
                0x00000000000003d8       0x58 Drivers/STM32L1xx_HAL_Driver/Src/stm32l1xx_hal_rcc_ex.o
 .debug_aranges
                0x0000000000000430      0x180 Drivers/STM32L1xx_HAL_Driver/Src/stm32l1xx_hal_sd.o
 .debug_aranges
                0x00000000000005b0      0x150 Drivers/STM32L1xx_HAL_Driver/Src/stm32l1xx_hal_uart.o
 .debug_aranges
                0x0000000000000700       0x80 Drivers/STM32L1xx_HAL_Driver/Src/stm32l1xx_ll_sdmmc.o
 .debug_aranges
                0x0000000000000780       0x40 Middlewares/Third_Party/FatFs/src/ff_gen_drv.o
 .debug_aranges
                0x00000000000007c0       0x40 Middlewares/Third_Party/FatFs/src/drivers/sd_diskio.o
 .debug_aranges
                0x0000000000000800       0x90 Src/bsp_driver_sd.o
 .debug_aranges
                0x0000000000000890       0x28 Src/fatfs.o
 .debug_aranges
                0x00000000000008b8       0x58 Src/main.o
 .debug_aranges
                0x0000000000000910       0x60 Src/stm32l1xx_hal_msp.o
 .debug_aranges
                0x0000000000000970       0x60 Src/stm32l1xx_it.o
 .debug_aranges
                0x00000000000009d0       0x28 Src/system_stm32l1xx.o
 .debug_aranges
                0x00000000000009f8       0x28 startup/startup_stm32l152xd.o

.debug_ranges   0x0000000000000000      0x918
 .debug_ranges  0x0000000000000000       0xa0 Drivers/STM32L1xx_HAL_Driver/Src/stm32l1xx_hal.o
 .debug_ranges  0x00000000000000a0       0xe0 Drivers/STM32L1xx_HAL_Driver/Src/stm32l1xx_hal_adc.o
 .debug_ranges  0x0000000000000180       0x88 Drivers/STM32L1xx_HAL_Driver/Src/stm32l1xx_hal_cortex.o
 .debug_ranges  0x0000000000000208       0x48 Drivers/STM32L1xx_HAL_Driver/Src/stm32l1xx_hal_gpio.o
 .debug_ranges  0x0000000000000250       0x58 Drivers/STM32L1xx_HAL_Driver/Src/stm32l1xx_hal_lcd.o
 .debug_ranges  0x00000000000002a8       0x40 Drivers/STM32L1xx_HAL_Driver/Src/stm32l1xx_hal_pwr_ex.o
 .debug_ranges  0x00000000000002e8       0x98 Drivers/STM32L1xx_HAL_Driver/Src/stm32l1xx_hal_rcc.o
 .debug_ranges  0x0000000000000380       0x60 Drivers/STM32L1xx_HAL_Driver/Src/stm32l1xx_hal_rcc_ex.o
 .debug_ranges  0x00000000000003e0      0x170 Drivers/STM32L1xx_HAL_Driver/Src/stm32l1xx_hal_sd.o
 .debug_ranges  0x0000000000000550      0x140 Drivers/STM32L1xx_HAL_Driver/Src/stm32l1xx_hal_uart.o
 .debug_ranges  0x0000000000000690       0x70 Drivers/STM32L1xx_HAL_Driver/Src/stm32l1xx_ll_sdmmc.o
 .debug_ranges  0x0000000000000700       0x30 Middlewares/Third_Party/FatFs/src/ff_gen_drv.o
 .debug_ranges  0x0000000000000730       0x30 Middlewares/Third_Party/FatFs/src/drivers/sd_diskio.o
 .debug_ranges  0x0000000000000760       0x80 Src/bsp_driver_sd.o
 .debug_ranges  0x00000000000007e0       0x18 Src/fatfs.o
 .debug_ranges  0x00000000000007f8       0x48 Src/main.o
 .debug_ranges  0x0000000000000840       0x50 Src/stm32l1xx_hal_msp.o
 .debug_ranges  0x0000000000000890       0x50 Src/stm32l1xx_it.o
 .debug_ranges  0x00000000000008e0       0x18 Src/system_stm32l1xx.o
 .debug_ranges  0x00000000000008f8       0x20 startup/startup_stm32l152xd.o

.debug_macro    0x0000000000000000    0x1a166
 .debug_macro   0x0000000000000000      0x328 Drivers/STM32L1xx_HAL_Driver/Src/stm32l1xx_hal.o
 .debug_macro   0x0000000000000328      0x880 Drivers/STM32L1xx_HAL_Driver/Src/stm32l1xx_hal.o
 .debug_macro   0x0000000000000ba8       0x94 Drivers/STM32L1xx_HAL_Driver/Src/stm32l1xx_hal.o
 .debug_macro   0x0000000000000c3c       0x2e Drivers/STM32L1xx_HAL_Driver/Src/stm32l1xx_hal.o
 .debug_macro   0x0000000000000c6a       0x22 Drivers/STM32L1xx_HAL_Driver/Src/stm32l1xx_hal.o
 .debug_macro   0x0000000000000c8c       0x22 Drivers/STM32L1xx_HAL_Driver/Src/stm32l1xx_hal.o
 .debug_macro   0x0000000000000cae       0x87 Drivers/STM32L1xx_HAL_Driver/Src/stm32l1xx_hal.o
 .debug_macro   0x0000000000000d35       0x44 Drivers/STM32L1xx_HAL_Driver/Src/stm32l1xx_hal.o
 .debug_macro   0x0000000000000d79       0xfd Drivers/STM32L1xx_HAL_Driver/Src/stm32l1xx_hal.o
 .debug_macro   0x0000000000000e76       0x5e Drivers/STM32L1xx_HAL_Driver/Src/stm32l1xx_hal.o
 .debug_macro   0x0000000000000ed4      0x1df Drivers/STM32L1xx_HAL_Driver/Src/stm32l1xx_hal.o
 .debug_macro   0x00000000000010b3       0x34 Drivers/STM32L1xx_HAL_Driver/Src/stm32l1xx_hal.o
 .debug_macro   0x00000000000010e7       0x34 Drivers/STM32L1xx_HAL_Driver/Src/stm32l1xx_hal.o
 .debug_macro   0x000000000000111b      0xcb4 Drivers/STM32L1xx_HAL_Driver/Src/stm32l1xx_hal.o
 .debug_macro   0x0000000000001dcf     0xcca8 Drivers/STM32L1xx_HAL_Driver/Src/stm32l1xx_hal.o
 .debug_macro   0x000000000000ea77       0x43 Drivers/STM32L1xx_HAL_Driver/Src/stm32l1xx_hal.o
 .debug_macro   0x000000000000eaba     0x339f Drivers/STM32L1xx_HAL_Driver/Src/stm32l1xx_hal.o
 .debug_macro   0x0000000000011e59       0x52 Drivers/STM32L1xx_HAL_Driver/Src/stm32l1xx_hal.o
 .debug_macro   0x0000000000011eab       0x35 Drivers/STM32L1xx_HAL_Driver/Src/stm32l1xx_hal.o
 .debug_macro   0x0000000000011ee0       0x9c Drivers/STM32L1xx_HAL_Driver/Src/stm32l1xx_hal.o
 .debug_macro   0x0000000000011f7c       0x16 Drivers/STM32L1xx_HAL_Driver/Src/stm32l1xx_hal.o
 .debug_macro   0x0000000000011f92       0x97 Drivers/STM32L1xx_HAL_Driver/Src/stm32l1xx_hal.o
 .debug_macro   0x0000000000012029      0x30d Drivers/STM32L1xx_HAL_Driver/Src/stm32l1xx_hal.o
 .debug_macro   0x0000000000012336       0xfd Drivers/STM32L1xx_HAL_Driver/Src/stm32l1xx_hal.o
 .debug_macro   0x0000000000012433       0x10 Drivers/STM32L1xx_HAL_Driver/Src/stm32l1xx_hal.o
 .debug_macro   0x0000000000012443       0x52 Drivers/STM32L1xx_HAL_Driver/Src/stm32l1xx_hal.o
 .debug_macro   0x0000000000012495       0x1f Drivers/STM32L1xx_HAL_Driver/Src/stm32l1xx_hal.o
 .debug_macro   0x00000000000124b4       0x43 Drivers/STM32L1xx_HAL_Driver/Src/stm32l1xx_hal.o
 .debug_macro   0x00000000000124f7       0x20 Drivers/STM32L1xx_HAL_Driver/Src/stm32l1xx_hal.o
 .debug_macro   0x0000000000012517      0x187 Drivers/STM32L1xx_HAL_Driver/Src/stm32l1xx_hal.o
 .debug_macro   0x000000000001269e       0x10 Drivers/STM32L1xx_HAL_Driver/Src/stm32l1xx_hal.o
 .debug_macro   0x00000000000126ae       0x1c Drivers/STM32L1xx_HAL_Driver/Src/stm32l1xx_hal.o
 .debug_macro   0x00000000000126ca       0x52 Drivers/STM32L1xx_HAL_Driver/Src/stm32l1xx_hal.o
 .debug_macro   0x000000000001271c       0x40 Drivers/STM32L1xx_HAL_Driver/Src/stm32l1xx_hal.o
 .debug_macro   0x000000000001275c       0x10 Drivers/STM32L1xx_HAL_Driver/Src/stm32l1xx_hal.o
 .debug_macro   0x000000000001276c       0x40 Drivers/STM32L1xx_HAL_Driver/Src/stm32l1xx_hal.o
 .debug_macro   0x00000000000127ac       0xd7 Drivers/STM32L1xx_HAL_Driver/Src/stm32l1xx_hal.o
 .debug_macro   0x0000000000012883       0x16 Drivers/STM32L1xx_HAL_Driver/Src/stm32l1xx_hal.o
 .debug_macro   0x0000000000012899      0x18b Drivers/STM32L1xx_HAL_Driver/Src/stm32l1xx_hal.o
 .debug_macro   0x0000000000012a24       0x50 Drivers/STM32L1xx_HAL_Driver/Src/stm32l1xx_hal.o
 .debug_macro   0x0000000000012a74      0xe3f Drivers/STM32L1xx_HAL_Driver/Src/stm32l1xx_hal.o
 .debug_macro   0x00000000000138b3      0x3ef Drivers/STM32L1xx_HAL_Driver/Src/stm32l1xx_hal.o
 .debug_macro   0x0000000000013ca2      0x141 Drivers/STM32L1xx_HAL_Driver/Src/stm32l1xx_hal.o
 .debug_macro   0x0000000000013de3       0xd4 Drivers/STM32L1xx_HAL_Driver/Src/stm32l1xx_hal.o
 .debug_macro   0x0000000000013eb7      0x25d Drivers/STM32L1xx_HAL_Driver/Src/stm32l1xx_hal.o
 .debug_macro   0x0000000000014114      0x23c Drivers/STM32L1xx_HAL_Driver/Src/stm32l1xx_hal.o
 .debug_macro   0x0000000000014350      0x68c Drivers/STM32L1xx_HAL_Driver/Src/stm32l1xx_hal.o
 .debug_macro   0x00000000000149dc      0x16f Drivers/STM32L1xx_HAL_Driver/Src/stm32l1xx_hal.o
 .debug_macro   0x0000000000014b4b      0x115 Drivers/STM32L1xx_HAL_Driver/Src/stm32l1xx_hal.o
 .debug_macro   0x0000000000014c60      0x486 Drivers/STM32L1xx_HAL_Driver/Src/stm32l1xx_hal.o
 .debug_macro   0x00000000000150e6      0x3d7 Drivers/STM32L1xx_HAL_Driver/Src/stm32l1xx_hal.o
 .debug_macro   0x00000000000154bd      0x1ef Drivers/STM32L1xx_HAL_Driver/Src/stm32l1xx_hal.o
 .debug_macro   0x00000000000156ac       0x22 Drivers/STM32L1xx_HAL_Driver/Src/stm32l1xx_hal.o
 .debug_macro   0x00000000000156ce      0x48d Drivers/STM32L1xx_HAL_Driver/Src/stm32l1xx_hal.o
 .debug_macro   0x0000000000015b5b      0x22b Drivers/STM32L1xx_HAL_Driver/Src/stm32l1xx_hal.o
 .debug_macro   0x0000000000015d86      0x287 Drivers/STM32L1xx_HAL_Driver/Src/stm32l1xx_hal.o
 .debug_macro   0x000000000001600d      0x47f Drivers/STM32L1xx_HAL_Driver/Src/stm32l1xx_hal.o
 .debug_macro   0x000000000001648c      0x321 Drivers/STM32L1xx_HAL_Driver/Src/stm32l1xx_hal_adc.o
 .debug_macro   0x00000000000167ad      0x304 Drivers/STM32L1xx_HAL_Driver/Src/stm32l1xx_hal_cortex.o
 .debug_macro   0x0000000000016ab1      0x33d Drivers/STM32L1xx_HAL_Driver/Src/stm32l1xx_hal_gpio.o
 .debug_macro   0x0000000000016dee      0x30a Drivers/STM32L1xx_HAL_Driver/Src/stm32l1xx_hal_lcd.o
 .debug_macro   0x00000000000170f8      0x304 Drivers/STM32L1xx_HAL_Driver/Src/stm32l1xx_hal_pwr_ex.o
 .debug_macro   0x00000000000173fc      0x340 Drivers/STM32L1xx_HAL_Driver/Src/stm32l1xx_hal_rcc.o
 .debug_macro   0x000000000001773c      0x304 Drivers/STM32L1xx_HAL_Driver/Src/stm32l1xx_hal_rcc_ex.o
 .debug_macro   0x0000000000017a40      0x44e Drivers/STM32L1xx_HAL_Driver/Src/stm32l1xx_hal_sd.o
 .debug_macro   0x0000000000017e8e      0x305 Drivers/STM32L1xx_HAL_Driver/Src/stm32l1xx_hal_uart.o
 .debug_macro   0x0000000000018193      0x305 Drivers/STM32L1xx_HAL_Driver/Src/stm32l1xx_ll_sdmmc.o
 .debug_macro   0x0000000000018498      0x34d Middlewares/Third_Party/FatFs/src/ff_gen_drv.o
 .debug_macro   0x00000000000187e5      0x36e Middlewares/Third_Party/FatFs/src/drivers/sd_diskio.o
 .debug_macro   0x0000000000018b53       0x4c Middlewares/Third_Party/FatFs/src/drivers/sd_diskio.o
 .debug_macro   0x0000000000018b9f       0x8d Middlewares/Third_Party/FatFs/src/drivers/sd_diskio.o
 .debug_macro   0x0000000000018c2c      0x174 Middlewares/Third_Party/FatFs/src/drivers/sd_diskio.o
 .debug_macro   0x0000000000018da0       0x4a Middlewares/Third_Party/FatFs/src/drivers/sd_diskio.o
 .debug_macro   0x0000000000018dea       0x10 Middlewares/Third_Party/FatFs/src/drivers/sd_diskio.o
 .debug_macro   0x0000000000018dfa       0x35 Middlewares/Third_Party/FatFs/src/drivers/sd_diskio.o
 .debug_macro   0x0000000000018e2f       0x1c Middlewares/Third_Party/FatFs/src/drivers/sd_diskio.o
 .debug_macro   0x0000000000018e4b      0x313 Src/bsp_driver_sd.o
 .debug_macro   0x000000000001915e       0x28 Src/bsp_driver_sd.o
 .debug_macro   0x0000000000019186      0x360 Src/fatfs.o
 .debug_macro   0x00000000000194e6      0x364 Src/main.o
 .debug_macro   0x000000000001984a      0x304 Src/stm32l1xx_hal_msp.o
 .debug_macro   0x0000000000019b4e      0x30e Src/stm32l1xx_it.o
 .debug_macro   0x0000000000019e5c      0x30a Src/system_stm32l1xx.o

.debug_line     0x0000000000000000     0xcb9f
 .debug_line    0x0000000000000000      0x9c7 Drivers/STM32L1xx_HAL_Driver/Src/stm32l1xx_hal.o
 .debug_line    0x00000000000009c7      0xcec Drivers/STM32L1xx_HAL_Driver/Src/stm32l1xx_hal_adc.o
 .debug_line    0x00000000000016b3      0xa3d Drivers/STM32L1xx_HAL_Driver/Src/stm32l1xx_hal_cortex.o
 .debug_line    0x00000000000020f0      0x9cf Drivers/STM32L1xx_HAL_Driver/Src/stm32l1xx_hal_gpio.o
 .debug_line    0x0000000000002abf      0x9fc Drivers/STM32L1xx_HAL_Driver/Src/stm32l1xx_hal_lcd.o
 .debug_line    0x00000000000034bb      0x94a Drivers/STM32L1xx_HAL_Driver/Src/stm32l1xx_hal_pwr_ex.o
 .debug_line    0x0000000000003e05      0xe79 Drivers/STM32L1xx_HAL_Driver/Src/stm32l1xx_hal_rcc.o
 .debug_line    0x0000000000004c7e      0x9e8 Drivers/STM32L1xx_HAL_Driver/Src/stm32l1xx_hal_rcc_ex.o
 .debug_line    0x0000000000005666     0x1142 Drivers/STM32L1xx_HAL_Driver/Src/stm32l1xx_hal_sd.o
 .debug_line    0x00000000000067a8      0xed3 Drivers/STM32L1xx_HAL_Driver/Src/stm32l1xx_hal_uart.o
 .debug_line    0x000000000000767b      0x982 Drivers/STM32L1xx_HAL_Driver/Src/stm32l1xx_ll_sdmmc.o
 .debug_line    0x0000000000007ffd      0x930 Middlewares/Third_Party/FatFs/src/ff_gen_drv.o
 .debug_line    0x000000000000892d      0x9bf Middlewares/Third_Party/FatFs/src/drivers/sd_diskio.o
 .debug_line    0x00000000000092ec      0x98a Src/bsp_driver_sd.o
 .debug_line    0x0000000000009c76      0x986 Src/fatfs.o
 .debug_line    0x000000000000a5fc      0xa49 Src/main.o
 .debug_line    0x000000000000b045      0x953 Src/stm32l1xx_hal_msp.o
 .debug_line    0x000000000000b998      0x8f6 Src/stm32l1xx_it.o
 .debug_line    0x000000000000c28e      0x894 Src/system_stm32l1xx.o
 .debug_line    0x000000000000cb22       0x7d startup/startup_stm32l152xd.o

.debug_str      0x0000000000000000    0x9884c
 .debug_str     0x0000000000000000    0x9469c Drivers/STM32L1xx_HAL_Driver/Src/stm32l1xx_hal.o
                                      0x949ea (size before relaxing)
 .debug_str     0x000000000009469c      0x714 Drivers/STM32L1xx_HAL_Driver/Src/stm32l1xx_hal_adc.o
                                      0x94ad3 (size before relaxing)
 .debug_str     0x0000000000094db0      0x39d Drivers/STM32L1xx_HAL_Driver/Src/stm32l1xx_hal_cortex.o
                                      0x94af7 (size before relaxing)
 .debug_str     0x000000000009514d      0x2d5 Drivers/STM32L1xx_HAL_Driver/Src/stm32l1xx_hal_gpio.o
                                      0x945dd (size before relaxing)
 .debug_str     0x0000000000095422      0x239 Drivers/STM32L1xx_HAL_Driver/Src/stm32l1xx_hal_lcd.o
                                      0x94541 (size before relaxing)
 .debug_str     0x000000000009565b      0x116 Drivers/STM32L1xx_HAL_Driver/Src/stm32l1xx_hal_pwr_ex.o
                                      0x943a8 (size before relaxing)
 .debug_str     0x0000000000095771      0x562 Drivers/STM32L1xx_HAL_Driver/Src/stm32l1xx_hal_rcc.o
                                      0x94976 (size before relaxing)
 .debug_str     0x0000000000095cd3      0x19a Drivers/STM32L1xx_HAL_Driver/Src/stm32l1xx_hal_rcc_ex.o
                                      0x94508 (size before relaxing)
 .debug_str     0x0000000000095e6d     0x1632 Drivers/STM32L1xx_HAL_Driver/Src/stm32l1xx_hal_sd.o
                                      0x95b5f (size before relaxing)
 .debug_str     0x000000000009749f      0x50a Drivers/STM32L1xx_HAL_Driver/Src/stm32l1xx_hal_uart.o
                                      0x94a48 (size before relaxing)
 .debug_str     0x00000000000979a9       0xcc Drivers/STM32L1xx_HAL_Driver/Src/stm32l1xx_ll_sdmmc.o
                                      0x94574 (size before relaxing)
 .debug_str     0x0000000000097a75      0x997 Middlewares/Third_Party/FatFs/src/ff_gen_drv.o
                                      0x94be5 (size before relaxing)
 .debug_str     0x000000000009840c      0x101 Middlewares/Third_Party/FatFs/src/drivers/sd_diskio.o
                                      0x94efa (size before relaxing)
 .debug_str     0x000000000009850d      0x117 Src/bsp_driver_sd.o
                                      0x94ebb (size before relaxing)
 .debug_str     0x0000000000098624       0x51 Src/fatfs.o
                                      0x94b86 (size before relaxing)
 .debug_str     0x0000000000098675       0x84 Src/main.o
                                      0x95c15 (size before relaxing)
 .debug_str     0x00000000000986f9       0x2b Src/stm32l1xx_hal_msp.o
                                      0x94f04 (size before relaxing)
 .debug_str     0x0000000000098724       0xb8 Src/stm32l1xx_it.o
                                      0x942fe (size before relaxing)
 .debug_str     0x00000000000987dc       0x70 Src/system_stm32l1xx.o
                                      0x943b4 (size before relaxing)

.comment        0x0000000000000000       0x6e
 .comment       0x0000000000000000       0x6e Drivers/STM32L1xx_HAL_Driver/Src/stm32l1xx_hal.o
                                         0x6f (size before relaxing)
 .comment       0x000000000000006e       0x6f Drivers/STM32L1xx_HAL_Driver/Src/stm32l1xx_hal_adc.o
 .comment       0x000000000000006e       0x6f Drivers/STM32L1xx_HAL_Driver/Src/stm32l1xx_hal_cortex.o
 .comment       0x000000000000006e       0x6f Drivers/STM32L1xx_HAL_Driver/Src/stm32l1xx_hal_gpio.o
 .comment       0x000000000000006e       0x6f Drivers/STM32L1xx_HAL_Driver/Src/stm32l1xx_hal_lcd.o
 .comment       0x000000000000006e       0x6f Drivers/STM32L1xx_HAL_Driver/Src/stm32l1xx_hal_pwr_ex.o
 .comment       0x000000000000006e       0x6f Drivers/STM32L1xx_HAL_Driver/Src/stm32l1xx_hal_rcc.o
 .comment       0x000000000000006e       0x6f Drivers/STM32L1xx_HAL_Driver/Src/stm32l1xx_hal_rcc_ex.o
 .comment       0x000000000000006e       0x6f Drivers/STM32L1xx_HAL_Driver/Src/stm32l1xx_hal_sd.o
 .comment       0x000000000000006e       0x6f Drivers/STM32L1xx_HAL_Driver/Src/stm32l1xx_hal_uart.o
 .comment       0x000000000000006e       0x6f Drivers/STM32L1xx_HAL_Driver/Src/stm32l1xx_ll_sdmmc.o
 .comment       0x000000000000006e       0x6f Middlewares/Third_Party/FatFs/src/ff_gen_drv.o
 .comment       0x000000000000006e       0x6f Middlewares/Third_Party/FatFs/src/drivers/sd_diskio.o
 .comment       0x000000000000006e       0x6f Src/bsp_driver_sd.o
 .comment       0x000000000000006e       0x6f Src/fatfs.o
 .comment       0x000000000000006e       0x6f Src/main.o
 .comment       0x000000000000006e       0x6f Src/stm32l1xx_hal_msp.o
 .comment       0x000000000000006e       0x6f Src/stm32l1xx_it.o
 .comment       0x000000000000006e       0x6f Src/system_stm32l1xx.o

.debug_frame    0x0000000000000000     0x1948
 .debug_frame   0x0000000000000000      0x168 Drivers/STM32L1xx_HAL_Driver/Src/stm32l1xx_hal.o
 .debug_frame   0x0000000000000168      0x2e0 Drivers/STM32L1xx_HAL_Driver/Src/stm32l1xx_hal_adc.o
 .debug_frame   0x0000000000000448      0x134 Drivers/STM32L1xx_HAL_Driver/Src/stm32l1xx_hal_cortex.o
 .debug_frame   0x000000000000057c       0xc4 Drivers/STM32L1xx_HAL_Driver/Src/stm32l1xx_hal_gpio.o
 .debug_frame   0x0000000000000640      0x10c Drivers/STM32L1xx_HAL_Driver/Src/stm32l1xx_hal_lcd.o
 .debug_frame   0x000000000000074c       0x80 Drivers/STM32L1xx_HAL_Driver/Src/stm32l1xx_hal_pwr_ex.o
 .debug_frame   0x00000000000007cc      0x168 Drivers/STM32L1xx_HAL_Driver/Src/stm32l1xx_hal_rcc.o
 .debug_frame   0x0000000000000934       0xc4 Drivers/STM32L1xx_HAL_Driver/Src/stm32l1xx_hal_rcc_ex.o
 .debug_frame   0x00000000000009f8      0x508 Drivers/STM32L1xx_HAL_Driver/Src/stm32l1xx_hal_sd.o
 .debug_frame   0x0000000000000f00      0x378 Drivers/STM32L1xx_HAL_Driver/Src/stm32l1xx_hal_uart.o
 .debug_frame   0x0000000000001278       0xf8 Drivers/STM32L1xx_HAL_Driver/Src/stm32l1xx_ll_sdmmc.o
 .debug_frame   0x0000000000001370       0x88 Middlewares/Third_Party/FatFs/src/ff_gen_drv.o
 .debug_frame   0x00000000000013f8       0xa4 Middlewares/Third_Party/FatFs/src/drivers/sd_diskio.o
 .debug_frame   0x000000000000149c      0x184 Src/bsp_driver_sd.o
 .debug_frame   0x0000000000001620       0x38 Src/fatfs.o
 .debug_frame   0x0000000000001658       0xc8 Src/main.o
 .debug_frame   0x0000000000001720      0x124 Src/stm32l1xx_hal_msp.o
 .debug_frame   0x0000000000001844       0xa8 Src/stm32l1xx_it.o
 .debug_frame   0x00000000000018ec       0x30 Src/system_stm32l1xx.o
 .debug_frame   0x000000000000191c       0x2c /Applications/Ac6/SystemWorkbench.app/Contents/Eclipse/plugins/fr.ac6.mcu.externaltools.arm-none.macos64_1.13.1.201703061524/tools/compiler/bin/../lib/gcc/arm-none-eabi/5.4.1/../../../../arm-none-eabi/lib/armv7-m/libc_nano.a(lib_a-init.o)
